12-15 21:12:36.214  2185  2422 V WindowManagerShell:  Checking filter Pair{{types=[] flags=0x0] notFlags=0x100 checks=[{atype=home independent=true modes=[OPEN,TO_FRONT] flags=NONE mustBeTask=false order=TOP topActivity=ComponentInfo{com.android.launcher3/com.android.launcher3.uioverrides.QuickstepLauncher} launchCookie=null windowingMode=undefined},{atype=standard independent=true modes=[CLOSE,TO_BACK] flags=NONE mustBeTask=false order=ANY topActivity=null launchCookie=null windowingMode=undefined},{NOT atype=undefined independent=true modes=[] flags=NONE mustBeTask=true order=ANY topActivity=null launchCookie=null customAnim=true windowingMode=undefined}]} RemoteTransition { remoteTransition = android.window.IRemoteTransition$Stub$Proxy@3699a19, appThread = android.app.IApplicationThread$Stub$Proxy@9406ade, debugName = QuickstepLaunchHome }}
12-15 21:12:36.214  2185  2422 V WindowManagerShell:  Delegate animation for (#6386) to null
12-15 21:12:36.214  2185  2422 V WindowManagerShell: start default transition animation, info = {id=6386 t=TO_BACK f=0x0 trk=0 r=[0@Point(0, 0)] c=[{m=TO_BACK f=FILLS_TASK leash=Surface(name=ActivityRecord{12081326 u10 com.google.android.GoogleCamera/com.android.camera.CameraLauncher t1000012})/@0x2aad151 sb=Rect(0, 0 - 1080, 2424) eb=Rect(0, 0 - 1080, 2424) epz=Point(1080, 2424) d=0 activity=ActivityTransitionInfo { component = ComponentInfo{com.google.android.GoogleCamera/com.google.android.apps.camera.activity.main.CameraActivity}, taskId = 1000012, appCompatTransitionInfo = null } opt={t=SCENE_TRANSITION mUserId=10}}]}
12-15 21:12:36.215  2185  2422 V WindowManagerShell: Transition animation finished (aborted=false), notifying core (#6386) android.os.BinderProxy@98a9678@0
12-15 21:12:36.217   646 24620 I hwc-display: path=drm, id=0, level=1565, nits=107.706619, brightness=0.059118, DimmingOn=0, Hbm=0, LhbmOn=0, OpRate=0
12-15 21:12:36.224  1460  1518 V WindowManager: Finish Transition (#6386): created at 12-15 21:12:36.200 collect-started=0.067ms request-sent=1.235ms started=2.214ms ready=2.202ms sent=7.412ms commit=9.488ms finished=22.952ms
12-15 21:12:36.224 25554 25554 D VRI[CameraLauncher]: visibilityChanged oldVisibility=true newVisibility=false
12-15 21:12:36.224  2185  2422 V WindowManagerShell: Track 0 became idle
12-15 21:12:36.224  2185  2422 V WindowManagerShell: All active transition animations finished
12-15 21:12:36.224  2185  2422 V WindowManagerShell:  animated by com.android.wm.shell.transition.DefaultTransitionHandler@3025094
12-15 21:12:36.224  2185  2422 V WindowManagerShell: Track 0 became idle
12-15 21:12:36.224  2185  2422 V WindowManagerShell: All active transition animations finished
12-15 21:12:36.226  2381  3812 D ForegroundUtils: onUidImportance: Foreground UID status
12-15 21:12:36.226  2381  3812 D ForegroundUtils: onUidImportance: UID: 1068 is in foreground: true
12-15 21:12:36.226  2381  3812 D ForegroundUtils: onUidImportance: UID: 10114 is in foreground: true
12-15 21:12:36.226  2381  3812 D ForegroundUtils: onUidImportance: UID: 10141 is in foreground: true
12-15 21:12:36.226  1460  1519 V OneTimePermissionUserManager: Updating state for com.google.android.GoogleCamera (1010260). device ID=0, state=1
12-15 21:12:36.226  2381  3812 D ForegroundUtils: onUidImportance: UID: 10147 is in foreground: false
12-15 21:12:36.226  2381  3812 D ForegroundUtils: onUidImportance: UID: 10149 is in foreground: true
12-15 21:12:36.227  2381  3812 D ForegroundUtils: onUidImportance: UID: 10151 is in foreground: true
12-15 21:12:36.227  2381  3812 D ForegroundUtils: onUidImportance: UID: 10157 is in foreground: true
12-15 21:12:36.227  2381  3812 D ForegroundUtils: onUidImportance: UID: 10158 is in foreground: false
12-15 21:12:36.227  2381  3812 D ForegroundUtils: onUidImportance: UID: 10160 is in foreground: true
12-15 21:12:36.227  2381  3812 D ForegroundUtils: onUidImportance: UID: 10241 is in foreground: false
12-15 21:12:36.227  2381  3812 D ForegroundUtils: onUidImportance: UID: 10258 is in foreground: false
12-15 21:12:36.227  2381  3812 D ForegroundUtils: onUidImportance: UID: 1001000 is in foreground: false
12-15 21:12:36.227  2381  3812 D ForegroundUtils: onUidImportance: UID: 1001002 is in foreground: true
12-15 21:12:36.227  2381  3812 D ForegroundUtils: onUidImportance: UID: 1010147 is in foreground: false
12-15 21:12:36.227  2381  3812 D ForegroundUtils: onUidImportance: UID: 1010157 is in foreground: true
12-15 21:12:36.227  2381  3812 D ForegroundUtils: onUidImportance: UID: 1010160 is in foreground: false
12-15 21:12:36.227  2381  3812 D ForegroundUtils: onUidImportance: UID: 1010258 is in foreground: true
12-15 21:12:36.227  2381  3812 D ForegroundUtils: onUidImportance: UID: 1010260 is in foreground: false
12-15 21:12:36.227  2381  3812 D ForegroundUtils: onUidImportance: UID: 1010268 is in foreground: true
12-15 21:12:36.228  1460  1518 D HintManagerService: Sent cleanup message for uid 1010260
12-15 21:12:36.234   646 24620 I hwc-display: path=drm, id=0, level=1614, nits=113.696655, brightness=0.062468, DimmingOn=0, Hbm=0, LhbmOn=0, OpRate=0
12-15 21:12:36.242 25554 25583 D HWUI    : endAllActiveAnimators on 0xce3ba4bf2880 (RippleDrawable) with handle 0xce3c84cc8580
12-15 21:12:36.246  1460  5485 W WindowManager: lockNow pending, ignore updating lockscreen timeout
12-15 21:12:36.250   646   717 I hwc-display: path=drm, id=0, level=1664, nits=119.852577, brightness=0.065911, DimmingOn=0, Hbm=0, LhbmOn=0, OpRate=0
12-15 21:12:36.255  1277  1277 D AOC     : A3:MSG: tmd3733_device.cc, 3249: USF: TMD3733: dbv:1664 luma:0 leak:-.00/-.00 rr:60 te2:0 status:1 op_hz:0[0]
12-15 21:12:36.267   646 24620 I hwc-display: path=drm, id=0, level=1716, nits=126.175514, brightness=0.069447, DimmingOn=0, Hbm=0, LhbmOn=0, OpRate=0
12-15 21:12:36.278  1002  1618 D usf_sensor_hal: accelerometer: Enter Batch. Period = 200000000, latency = 2000000000.
12-15 21:12:36.280  1277  1277 D AOC     : A3:MSG: usf_sensor.cc, 2402: USF: Received reconfig sampling request for LSM6DSV Accelerometer.
12-15 21:12:36.281  1002  1618 D usf_sensor_hal: IMU temperature: Enter Batch. Period = 533334000, latency = 2000000000.
12-15 21:12:36.282  1277  1277 D AOC     : A3:MSG: usf_sensor.cc, 2402: USF: Received reconfig sampling request for LSM6DSV Temperature.
12-15 21:12:36.283  1002  1673 I sensor-suez: Vendor atom [id = 100243] reported.
12-15 21:12:36.284   646 24620 I hwc-display: path=drm, id=0, level=1769, nits=132.659943, brightness=0.073074, DimmingOn=0, Hbm=0, LhbmOn=0, OpRate=0
12-15 21:12:36.288 25554 25554 W CAM_fnn : Duplicate call to stopModule; skipping stop.
12-15 21:12:36.300   646 24620 I hwc-display: path=drm, id=0, level=1823, nits=139.307999, brightness=0.076792, DimmingOn=0, Hbm=0, LhbmOn=0, OpRate=0
12-15 21:12:36.304  1460  2147 D BackgroundInstallControlService: Package event received: 0
12-15 21:12:36.317   646   717 I hwc-display: path=drm, id=0, level=1879, nits=146.119934, brightness=0.080601, DimmingOn=0, Hbm=0, LhbmOn=0, OpRate=0
12-15 21:12:36.323  1277  1277 D AOC     : A3:MSG: tmd3733_device.cc, 3249: USF: TMD3733: dbv:1879 luma:0 leak:0.02/0.01 rr:60 te2:0 status:1 op_hz:0[0]
12-15 21:12:36.334   646 24620 I hwc-display: path=drm, id=0, level=1935, nits=153.114029, brightness=0.084513, DimmingOn=0, Hbm=0, LhbmOn=0, OpRate=0
12-15 21:12:36.350   646 24620 I hwc-display: path=drm, id=0, level=1977, nits=160.504974, brightness=0.088646, DimmingOn=0, Hbm=0, LhbmOn=0, OpRate=0
12-15 21:12:36.367   646 24620 I hwc-display: path=drm, id=0, level=2021, nits=168.397507, brightness=0.093060, DimmingOn=0, Hbm=0, LhbmOn=0, OpRate=0
12-15 21:12:36.384   646   717 I hwc-display: path=drm, id=0, level=2068, nits=176.829773, brightness=0.097776, DimmingOn=0, Hbm=0, LhbmOn=0, OpRate=0
12-15 21:12:36.387  1460  2147 D BackgroundInstallControlService: Package event received: 0
12-15 21:12:36.388  1277  1277 D AOC     : A3:MSG: tmd3733_device.cc, 3249: USF: TMD3733: dbv:2068 luma:0 leak:0.07/0.04 rr:60 te2:0 status:1 op_hz:0[0]
12-15 21:12:36.400   646 24620 I hwc-display: path=drm, id=0, level=2119, nits=185.835739, brightness=0.102813, DimmingOn=0, Hbm=0, LhbmOn=0, OpRate=0
12-15 21:12:36.405 21348 21961 W JobInfo : Requested important-while-foreground flag for job555000026 is ignored and takes no effect
12-15 21:12:36.417   646 24620 I hwc-display: path=drm, id=0, level=2162, nits=195.449753, brightness=0.108190, DimmingOn=0, Hbm=0, LhbmOn=0, OpRate=0
12-15 21:12:36.421 12694 26517 I DiscoveryManager: Discovery state (DiscoveryState{filterCriteria=[96084372], categoryToCriteria={com.google.android.gms.cast.CATEGORY_CAST/96084372///ALLOW_IPV6=[96084372]}, activeScan=false, discoveryRequestSupportsDynamicSession=false})
12-15 21:12:36.422 12694 26517 W DatabaseProcessor: processLocalDevices: failed to get the network info with non-null networkId.
12-15 21:12:36.422 12694 12694 I CastMediaRouteProvider: Published 0 routes
12-15 21:12:36.430 21348 21961 W JobInfo : Requested important-while-foreground flag for job555000027 is ignored and takes no effect
12-15 21:12:36.434   646 24620 I hwc-display: path=drm, id=0, level=2208, nits=205.718842, brightness=0.113933, DimmingOn=0, Hbm=0, LhbmOn=0, OpRate=0
12-15 21:12:36.444 21348 21961 W JobInfo : Requested important-while-foreground flag for job555000028 is ignored and takes no effect
12-15 21:12:36.447 12694 12829 I MdnsServiceBrowser: No updatable connectivity module on device.
12-15 21:12:36.447 12694 12829 I MdnsServiceBrowser: android.content.pm.PackageManager$NameNotFoundException
12-15 21:12:36.447 12694 12829 I MdnsServiceBrowser: 	at com.android.internal.gmscompat.sysservice.GmcPackageManager.makePseudoDisabledPackageInfoOrThrow(GmcPackageManager.java:437)
12-15 21:12:36.447 12694 12829 I MdnsServiceBrowser: 	at com.android.internal.gmscompat.sysservice.GmcPackageManager.getPackageInfoAsUser(GmcPackageManager.java:266)
12-15 21:12:36.447 12694 12829 I MdnsServiceBrowser: 	at android.app.ApplicationPackageManager.getPackageInfo(ApplicationPackageManager.java:243)
12-15 21:12:36.447 12694 12829 I MdnsServiceBrowser: 	at android.app.ApplicationPackageManager.getPackageInfo(ApplicationPackageManager.java:237)
12-15 21:12:36.447 12694 12829 I MdnsServiceBrowser: 	at cvis.b(:com.google.android.gms@254730035@25.47.30 (260400-833691957):64)
12-15 21:12:36.447 12694 12829 I MdnsServiceBrowser: 	at bbmi.b(:com.google.android.gms@254730035@25.47.30 (260400-833691957):9)
12-15 21:12:36.447 12694 12829 I MdnsServiceBrowser: 	at bbmg.e(:com.google.android.gms@254730035@25.47.30 (260400-833691957):1)
12-15 21:12:36.447 12694 12829 I MdnsServiceBrowser: 	at bboy.s(:com.google.android.gms@254730035@25.47.30 (260400-833691957):10)
12-15 21:12:36.447 12694 12829 I MdnsServiceBrowser: 	at bboy.t(:com.google.android.gms@254730035@25.47.30 (260400-833691957):22)
12-15 21:12:36.447 12694 12829 I MdnsServiceBrowser: 	at bboy.e(:com.google.android.gms@254730035@25.47.30 (260400-833691957):30)
12-15 21:12:36.447 12694 12829 I MdnsServiceBrowser: 	at bboy.f(:com.google.android.gms@254730035@25.47.30 (260400-833691957):82)
12-15 21:12:36.447 12694 12829 I MdnsServiceBrowser: 	at bboy.onConnected(:com.google.android.gms@254730035@25.47.30 (260400-833691957):15)
12-15 21:12:36.447 12694 12829 I MdnsServiceBrowser: 	at bcjs.a(:com.google.android.gms@254730035@25.47.30 (260400-833691957):3)
12-15 21:12:36.447 12694 12829 I MdnsServiceBrowser: 	at bciv.b(:com.google.android.gms@254730035@25.47.30 (260400-833691957):89)
12-15 21:12:36.447 12694 12829 I MdnsServiceBrowser: 	at bcim.c(:com.google.android.gms@254730035@25.47.30 (260400-833691957):7)
12-15 21:12:36.447 12694 12829 I MdnsServiceBrowser: 	at bcip.handleMessage(:com.google.android.gms@254730035@25.47.30 (260400-833691957):261)
12-15 21:12:36.447 12694 12829 I MdnsServiceBrowser: 	at android.os.Handler.dispatchMessage(Handler.java:110)
12-15 21:12:36.447 12694 12829 I MdnsServiceBrowser: 	at cpny.ms(:com.google.android.gms@254730035@25.47.30 (260400-833691957):1)
12-15 21:12:36.447 12694 12829 I MdnsServiceBrowser: 	at cpny.dispatchMessage(:com.google.android.gms@254730035@25.47.30 (260400-833691957):140)
12-15 21:12:36.447 12694 12829 I MdnsServiceBrowser: 	at android.os.Looper.dispatchMessage(Looper.java:315)
12-15 21:12:36.447 12694 12829 I MdnsServiceBrowser: 	at android.os.Looper.loopOnce(Looper.java:251)
12-15 21:12:36.447 12694 12829 I MdnsServiceBrowser: 	at android.os.Looper.loop(Looper.java:349)
12-15 21:12:36.447 12694 12829 I MdnsServiceBrowser: 	at android.os.HandlerThread.run(HandlerThread.java:100)
12-15 21:12:36.447 12694 12829 I MdnsServiceBrowser: (REDACTED) registering %s
12-15 21:12:36.448 12694 26517 I AOSP-MdnsDiscoveryManag: (REDACTED) %s
12-15 21:12:36.448 12694 21845 I AOSP-MdnsDiscoveryManag: (REDACTED) %s
12-15 21:12:36.448 12694 26517 I AOSP-MdnsDiscoveryManag: (REDACTED) %s
12-15 21:12:36.450  1460  2835 I WifiService: acquireMulticastLock uid=1010258 lockTag=mdns-android
12-15 21:12:36.450   646   717 I hwc-display: path=drm, id=0, level=2257, nits=216.687195, brightness=0.120067, DimmingOn=0, Hbm=0, LhbmOn=0, OpRate=0
12-15 21:12:36.454 12694 21845 I AOSP-MdnsDiscoveryManag: (REDACTED) %s
12-15 21:12:36.454 12694 21845 I AOSP-MdnsDiscoveryManag: (REDACTED) %s
12-15 21:12:36.454 12694 21845 I AOSP-MdnsDiscoveryManag: (REDACTED) %s
12-15 21:12:36.455 12694 26521 I AOSP-MdnsDiscoveryManag: (REDACTED) %s
12-15 21:12:36.455 12694 26521 I AOSP-MdnsDiscoveryManag: (REDACTED) %s
12-15 21:12:36.455  1277  1277 D AOC     : A3:MSG: tmd3733_device.cc, 3249: USF: TMD3733: dbv:2257 luma:0 leak:0.15/0.09 rr:60 te2:0 status:1 op_hz:0[0]
12-15 21:12:36.455  2353 25131 D IpClient.wlan0: set max DTIM multiplier to 1
12-15 21:12:36.455 12694 26521 I AOSP-MdnsDiscoveryManag: (REDACTED) %s
12-15 21:12:36.455 12694 26521 I AOSP-MdnsDiscoveryManag: (REDACTED) %s
12-15 21:12:36.456 12694 26519 I AOSP-MdnsDiscoveryManag: (REDACTED) %s
12-15 21:12:36.456 12694 26520 W AOSP-MdnsDiscoveryManag: Error while decoding multicast packet (55): 1 [CONTEXT service_id=168 ]
12-15 21:12:36.456 12694 26519 I AOSP-MdnsDiscoveryManag: (REDACTED) %s
12-15 21:12:36.456 12694 26520 W AOSP-MdnsDiscoveryManag: Error while decoding multicast packet (56): 1 [CONTEXT service_id=168 ]
12-15 21:12:36.457 12694 26519 I AOSP-MdnsDiscoveryManag: (REDACTED) %s
12-15 21:12:36.457 12694 13080 I AOSP-MdnsDiscoveryManag: (REDACTED) %s
12-15 21:12:36.457  1037  1073 E WifiHAL : Setting APF program, halHandle = 0x500c26646017c30
12-15 21:12:36.457  1037  1073 E WifiHAL : Set apf filter for iface = wlan0
12-15 21:12:36.457  1037  1073 I WifiHAL : createRequest: APF set program request
12-15 21:12:36.457  1037  1073 I WifiHAL : mProgramLen : 1584
12-15 21:12:36.457  1460  2101 D ConnectivityService: NetReassign [no changes] [c 3] [a 3] [i 2]
12-15 21:12:36.459 12694 26520 W AOSP-MdnsDiscoveryManag: Error while decoding multicast packet (57): 1 [CONTEXT service_id=168 ]
12-15 21:12:36.459 12694 26519 I AOSP-MdnsDiscoveryManag: (REDACTED) %s
12-15 21:12:36.459 12694 26520 W AOSP-MdnsDiscoveryManag: Error while decoding multicast packet (58): 1 [CONTEXT service_id=168 ]
12-15 21:12:36.462 21348 21961 W JobInfo : Requested important-while-foreground flag for job555000029 is ignored and takes no effect
12-15 21:12:36.463 12694 21845 I AOSP-MdnsDiscoveryManag: (REDACTED) %s
12-15 21:12:36.467   646 24620 I hwc-display: path=drm, id=0, level=2302, nits=228.405960, brightness=0.126621, DimmingOn=0, Hbm=0, LhbmOn=0, OpRate=0
12-15 21:12:36.484   646 24620 I hwc-display: path=drm, id=0, level=2347, nits=240.919983, brightness=0.133620, DimmingOn=0, Hbm=0, LhbmOn=0, OpRate=0
12-15 21:12:36.500   646 24620 I hwc-display: path=drm, id=0, level=2395, nits=254.281830, brightness=0.141093, DimmingOn=0, Hbm=0, LhbmOn=0, OpRate=0
12-15 21:12:36.516  1037  1073 D WifiHAL : Setting DTIM config , halHandle = 0x500c26646017c30 Multiplier = 1
12-15 21:12:36.516  1037  1073 I WifiHAL : Successfully configured dtim multiplier 1
12-15 21:12:36.516  1037  1073 E WifiHAL : Setting APF program, halHandle = 0x500c26646017c30
12-15 21:12:36.516  1037  1073 E WifiHAL : Set apf filter for iface = wlan0
12-15 21:12:36.516  1037  1073 I WifiHAL : createRequest: APF set program request
12-15 21:12:36.516  1037  1073 I WifiHAL : mProgramLen : 1863
12-15 21:12:36.517   646   717 I hwc-display: path=drm, id=0, level=2444, nits=268.550903, brightness=0.149073, DimmingOn=0, Hbm=0, LhbmOn=0, OpRate=0
12-15 21:12:36.520  1460  2835 W JobScheduler: Job didn't exist in JobStore: 902c2f9 {androidx.work.systemjobscheduler} #u10a268/555000027 #ModelDownloadWorker#@androidx.work.systemjobscheduler@com.google.android.apps.photos/androidx.work.impl.background.systemjob.SystemJobService
12-15 21:12:36.521  1277  1277 D AOC     : A3:MSG: tmd3733_device.cc, 3249: USF: TMD3733: dbv:2444 luma:5 leak:0.47/0.28 rr:60 te2:0 status:1 op_hz:0[0]
12-15 21:12:36.534   646 24620 I hwc-display: path=drm, id=0, level=2488, nits=283.800873, brightness=0.157601, DimmingOn=0, Hbm=0, LhbmOn=0, OpRate=0
12-15 21:12:36.550   646 24620 I hwc-display: path=drm, id=0, level=2535, nits=300.074677, brightness=0.166703, DimmingOn=0, Hbm=0, LhbmOn=0, OpRate=0
12-15 21:12:36.567   646 24620 I hwc-display: path=drm, id=0, level=2544, nits=303.313995, brightness=0.168515, DimmingOn=0, Hbm=0, LhbmOn=0, OpRate=0
12-15 21:12:36.588  1277  1277 D AOC     : A3:MSG: tmd3733_device.cc, 3249: USF: TMD3733: dbv:2544 luma:5 leak:0.54/0.32 rr:60 te2:0 status:1 op_hz:0[0]
12-15 21:12:36.719  1273  1273 W TracingMuxer: type=1400 audit(0.0:427391): avc:  denied  { write } for  name="traced_producer" dev="tmpfs" ino=1768 scontext=u:r:gxp_logging:s0 tcontext=u:object_r:traced_producer_socket:s0 tclass=sock_file permissive=0
12-15 21:12:36.782  5326  5562 D MediaProvider: Open with FUSE. FilePath: /storage/emulated/10/DCIM/Camera/PXL_20251216_030409204.MP.jpg. Uid: 1010268. Media Capabilities Uid: 0. ShouldRedact: false. ShouldTranscode: false
12-15 21:12:36.802  5326  5562 D MediaProvider: Open with FUSE. FilePath: /storage/emulated/10/DCIM/Camera/PXL_20251216_030409204.MP.jpg. Uid: 1010268. Media Capabilities Uid: 0. ShouldRedact: false. ShouldTranscode: false
12-15 21:12:36.812  1037  1073 I WifiHAL : Creating message to get link statistics; iface = 47
12-15 21:12:36.842  1164  1233 D Camera2ClientBase: Camera 0: start to disconnect
12-15 21:12:36.842  1164  1233 D Camera2ClientBase: Camera 0: serializationLock acquired
12-15 21:12:36.842  1164  1233 D Camera2ClientBase: Camera 0: Shutting down
12-15 21:12:36.842  1164  1233 D Camera2ClientBase: Camera 0: start to cacheDump
12-15 21:12:36.852  1037  1073 I WifiHAL : index: 0 per_rate_size 32, data_rem_len 1152
12-15 21:12:36.852  1037  1073 I WifiHAL : index: 1 per_rate_size 32, data_rem_len 1120
12-15 21:12:36.852  1037  1073 I WifiHAL : index: 2 per_rate_size 32, data_rem_len 1088
12-15 21:12:36.852  1037  1073 I WifiHAL : index: 3 per_rate_size 32, data_rem_len 1056
12-15 21:12:36.852  1037  1073 I WifiHAL : index: 4 per_rate_size 32, data_rem_len 1024
12-15 21:12:36.852  1037  1073 I WifiHAL : index: 5 per_rate_size 32, data_rem_len 992
12-15 21:12:36.852  1037  1073 I WifiHAL : index: 6 per_rate_size 32, data_rem_len 960
12-15 21:12:36.852  1037  1073 I WifiHAL : index: 7 per_rate_size 32, data_rem_len 928
12-15 21:12:36.852  1037  1073 I WifiHAL : index: 8 per_rate_size 32, data_rem_len 896
12-15 21:12:36.852  1037  1073 I WifiHAL : index: 9 per_rate_size 32, data_rem_len 864
12-15 21:12:36.852  1037  1073 I WifiHAL : index: 10 per_rate_size 32, data_rem_len 832
12-15 21:12:36.852  1037  1073 I WifiHAL : index: 11 per_rate_size 32, data_rem_len 800
12-15 21:12:36.852  1037  1073 I WifiHAL : index: 12 per_rate_size 32, data_rem_len 768
12-15 21:12:36.852  1037  1073 I WifiHAL : index: 13 per_rate_size 32, data_rem_len 736
12-15 21:12:36.852  1037  1073 I WifiHAL : index: 14 per_rate_size 32, data_rem_len 704
12-15 21:12:36.852  1037  1073 I WifiHAL : index: 15 per_rate_size 32, data_rem_len 672
12-15 21:12:36.852  1037  1073 I WifiHAL : index: 16 per_rate_size 32, data_rem_len 640
12-15 21:12:36.852  1037  1073 I WifiHAL : index: 17 per_rate_size 32, data_rem_len 608
12-15 21:12:36.852  1037  1073 I WifiHAL : index: 18 per_rate_size 32, data_rem_len 576
12-15 21:12:36.852  1037  1073 I WifiHAL : index: 19 per_rate_size 32, data_rem_len 544
12-15 21:12:36.852  1037  1073 I WifiHAL : index: 20 per_rate_size 32, data_rem_len 512
12-15 21:12:36.852  1037  1073 I WifiHAL : index: 21 per_rate_size 32, data_rem_len 480
12-15 21:12:36.852  1037  1073 I WifiHAL : index: 22 per_rate_size 32, data_rem_len 448
12-15 21:12:36.853  1037  1073 I WifiHAL : index: 23 per_rate_size 32, data_rem_len 416
12-15 21:12:36.853  1037  1073 I WifiHAL : index: 24 per_rate_size 32, data_rem_len 384
12-15 21:12:36.853  1037  1073 I WifiHAL : index: 25 per_rate_size 32, data_rem_len 352
12-15 21:12:36.853  1037  1073 I WifiHAL : index: 26 per_rate_size 32, data_rem_len 320
12-15 21:12:36.853  1037  1073 I WifiHAL : index: 27 per_rate_size 32, data_rem_len 288
12-15 21:12:36.853  1037  1073 I WifiHAL : index: 28 per_rate_size 32, data_rem_len 256
12-15 21:12:36.853  1037  1073 I WifiHAL : index: 29 per_rate_size 32, data_rem_len 224
12-15 21:12:36.853  1037  1073 I WifiHAL : index: 30 per_rate_size 32, data_rem_len 192
12-15 21:12:36.853  1037  1073 I WifiHAL : index: 31 per_rate_size 32, data_rem_len 160
12-15 21:12:36.853  1037  1073 I WifiHAL : index: 32 per_rate_size 32, data_rem_len 128
12-15 21:12:36.853  1037  1073 I WifiHAL : index: 33 per_rate_size 32, data_rem_len 96
12-15 21:12:36.853  1037  1073 I WifiHAL : index: 34 per_rate_size 32, data_rem_len 64
12-15 21:12:36.853  1037  1073 I WifiHAL : index: 35 per_rate_size 32, data_rem_len 32
12-15 21:12:36.854  1037  1037 I WifiHAL : Getting cached scan results, iface handle = 0x500c26646017c30
12-15 21:12:36.854  1037  1037 E WifiHAL : Creating message to get cached scan results
12-15 21:12:36.859  1037  1037 I WifiHAL : In GetCachedScanResultsCommand::handleResponse
