12-15 21:12:35.821   978  1289 I Lyric   : zuma_backend_pipeline_context.cc:1933: Flushing backend pipeline Pipeline (ID: (instance_id: 162872), IPs: [ RawToYuv TnrMerge ], Max Outputs: 1, IPConnections: [ {producer: RawToYuv, consumer: TnrMerge, connection_type: votf}, ], Usecase: Realtime) took 39 us, with flush HW = false
12-15 21:12:35.822   978  1785 I Lyric   : camera_device_session_manager_base.cc:1159: Reporting metadata frame drop for camera: RearMultiFov, request id: 240, partial result count: 2
12-15 21:12:35.822   978 31890 I Lyric   : retiming_node.cc:571: Rear(hal id: 2), Reporting image frame drop to framework for stream id: 32769, request id: 240
12-15 21:12:35.822  1002  1618 D usf_sensor_hal: accelerometer: Enter Batch. Period = 20000000, latency = 0.
12-15 21:12:35.822   978  1289 I Lyric   : zuma_backend_pipeline_context.cc:1933: Flushing backend pipeline Pipeline (ID: (instance_id: 162869), IPs: [ RawToYuv ], Max Outputs: 1, IPConnections: [ ], Usecase: Realtime) took 170 us, with flush HW = false
12-15 21:12:35.822   978  1289 I Lyric   : zuma_backend_pipeline_context.cc:1933: Flushing backend pipeline Pipeline (ID: (instance_id: 162872), IPs: [ RawToYuv TnrMerge ], Max Outputs: 1, IPConnections: [ {producer: RawToYuv, consumer: TnrMerge, connection_type: votf}, ], Usecase: Realtime) took 2 us, with flush HW = false
12-15 21:12:35.822  1002  1618 D usf_sensor_hal: IMU temperature: Enter Batch. Period = 533334000, latency = 0.
12-15 21:12:35.822   978  1289 I Lyric   : zuma_backend_pipeline_context.cc:1933: Flushing backend pipeline Pipeline (ID: (instance_id: 162873), IPs: [ MeshWarp Scaler ], Max Outputs: 2, IPConnections: [ {producer: MeshWarp, consumer: Scaler, connection_type: votf}, ], Usecase: Realtime) took 3 us, with flush HW = false
12-15 21:12:35.822   978  1289 I Lyric   : zuma_backend_pipeline_context.cc:1933: Flushing backend pipeline Pipeline (ID: (instance_id: 162873), IPs: [ MeshWarp Scaler ], Max Outputs: 2, IPConnections: [ {producer: MeshWarp, consumer: Scaler, connection_type: votf}, ], Usecase: Realtime) took 1 us, with flush HW = false
12-15 21:12:35.822   978  1289 I Lyric   : fe_node.cc:1024: cam2_frontend flush at flush_mark 240 output frame stats (ignores fence-signaled drops): {process_input_count = 0, dropped_all_outputs = 0, valid_ae = 0, valid_pre_lsc_ae = 0, valid_uae = 0, valid_awb = 0, valid_histogram = 0, valid_flicker = 0, valid_motion = 0, valid_cdaf = 0, valid_pdaf = 0, valid_align = 0, valid_alias_map = 0, valid_gaussian_pyramid = 0, valid_scaled_rgb_stats = 0, valid_scaled_yuv_stats = 0, valid_lsc = 0, valid_bilateral_grid = 0, valid_scaled_rgb = 0, valid_scaled_yuv = 0, valid_cam_data_dump = 0, valid_pixel_patch = 0}
12-15 21:12:35.822   978  1289 I Lyric   : unified_zuma_front_end_controller.cc:427: [CAM2] Flushing at Normal mode
12-15 21:12:35.822   978  1289 I Lyric   : per_camera_barrier_impl.cc:47: Blocker for FeControllerBlockCam2ToStop#1ForFlush acquired
12-15 21:12:35.822   978  1289 I Lyric   : inflight_config_queue.cc:151: [CAM2][ISPFE] Flushing 2 pending configs. Queue: last completed: (sensor frame # 238 (abs 237), id: 31548) pending: (sensor frame # 239 (abs 238), id: 31549), (sensor frame # 240 (abs 239), id: 31550), 
12-15 21:12:35.822  1002  1673 I sensor-suez: Vendor atom [id = 100243] reported.
12-15 21:12:35.822  1277  1277 D AOC     : A3:MSG: usf_vsc_log.cc, 45: USF: [DoubleTwist] doubleTwistPower 0
12-15 21:12:35.822  1277  1277 D AOC     : A3:MSG: vsc_controller.cc, 602: VSC: [Double Twist] stopSensorEvents: sensor 0x10001
12-15 21:12:35.822  1277  1277 D AOC     : A3:MSG: usf_sensor.cc, 1784: USF: Received start sampling request for LSM6DSV Accelerometer (active:7).
12-15 21:12:35.822  1002  1618 D usf_sensor_hal: magnetometer: Enter Activate. Enable = 0.
12-15 21:12:35.822   978  1289 I Lyric   : fe_programming_async.cc:385: [CAM2][ISPFE] Rewinding PDMA write pointer to end of sensor frame # 238 (abs 237) commands. Write pointer: 808
12-15 21:12:35.822   978  1289 I Lyric   : frame_images_queue_handler.cc:140: [CAM2] Bayer[0] Canceled sensor frames 239 240 Flushed [CAM2] Bayer[0] frame 239 240
12-15 21:12:35.822   978  1289 I Lyric   : frame_images_queue_handler.cc:140: [CAM2] PD[0] Canceled sensor frames 239 240 Flushed [CAM2] PD[0] frame 239 240
12-15 21:12:35.822   978  1289 I Lyric   : lmp_pipeline.cc:585: [Bayer3][CAM2] Removed obsolete lmp frame (not frame 238) 239 240
12-15 21:12:35.822   978  1289 I Lyric   : lmp_pipeline.cc:585: [Pdaf0][CAM2] Removed obsolete lmp frame (not frame 238) 239 240
12-15 21:12:35.822   978  1289 I Lyric   : zuma_lmp_context.cc:117: Flushing Lmp context bayer
12-15 21:12:35.822   978  1289 I Lyric   : lmp_pipeline.cc:494: [Bayer3][CAM2] Drain(timeout=301.8975865ms) entered. Number of frames in the queue is 1
12-15 21:12:35.822   978  1289 I Lyric   : lmp_pipeline.cc:511: [Bayer3][CAM2] Waiting for pipeline to drain. There are 1 pending transactions for frames: sensor frame numbers: [238], abs frame numbers: [237]
12-15 21:12:35.823  1460  2147 D BackgroundInstallControlService: Package event received: 0
12-15 21:12:35.823   978 26402 I GCH_CameraDeviceSession: UpdatePendingRequest: [sbc] All inflight requests/streams cleared. Notified SBC for flushing.
12-15 21:12:35.824   978 26406 E GCH_PendingRequestsTracker: TrackReturnedAcquiredBuffers: stream 0 should not have any pending acquired buffers.
12-15 21:12:35.824   978 26406 I GCH_CameraDeviceSession: operator(): [sbc] Flushed buf[0xb400ddb1c9ce0290] bid[12] strm[0] frm[xx]
12-15 21:12:35.824   978 26406 E GCH_PendingRequestsTracker: TrackReturnedAcquiredBuffers: stream 1 should not have any pending acquired buffers.
12-15 21:12:35.824   978 26406 I GCH_CameraDeviceSession: operator(): [sbc] Flushed buf[0xb400ddb1c9c98d50] bid[34] strm[1] frm[xx]
12-15 21:12:35.824   978 26406 E GCH_PendingRequestsTracker: TrackReturnedAcquiredBuffers: stream 2 should not have any pending acquired buffers.
12-15 21:12:35.824   978 26406 I GCH_CameraDeviceSession: operator(): [sbc] Flushed buf[0xb400ddb1c9ce5250] bid[3] strm[2] frm[xx]
12-15 21:12:35.824  1460  2147 D BackgroundInstallControlService: Package event received: 0
12-15 21:12:35.824  1460  2147 D BackgroundInstallControlService: Package event received: 0
12-15 21:12:35.824  1460  2147 D BackgroundInstallControlService: Package event received: 0
12-15 21:12:35.824  1164 26380 D CameraService: finishCameraStreamingOps: finishDataDelivery for uid 1010260
12-15 21:12:35.824   978 26406 E GCH_PendingRequestsTracker: TrackReturnedAcquiredBuffers: stream 3 should not have any pending acquired buffers.
12-15 21:12:35.824   978 26406 I GCH_CameraDeviceSession: operator(): [sbc] Flushed buf[0xb400ddb1c9cd5550] bid[24] strm[3] frm[xx]
12-15 21:12:35.824  2381  3812 D ForegroundUtils: onUidImportance: Foreground UID status
12-15 21:12:35.824  2381  3812 D ForegroundUtils: onUidImportance: UID: 1068 is in foreground: true
12-15 21:12:35.824  2381  3812 D ForegroundUtils: onUidImportance: UID: 10114 is in foreground: true
12-15 21:12:35.824  2381  3812 D ForegroundUtils: onUidImportance: UID: 10141 is in foreground: true
12-15 21:12:35.824  2381  3812 D ForegroundUtils: onUidImportance: UID: 10147 is in foreground: false
12-15 21:12:35.824  2381  3812 D ForegroundUtils: onUidImportance: UID: 10149 is in foreground: true
12-15 21:12:35.824  2381  3812 D ForegroundUtils: onUidImportance: UID: 10151 is in foreground: true
12-15 21:12:35.824  2381  3812 D ForegroundUtils: onUidImportance: UID: 10157 is in foreground: true
12-15 21:12:35.824  2381  3812 D ForegroundUtils: onUidImportance: UID: 10158 is in foreground: false
12-15 21:12:35.824  2381  3812 D ForegroundUtils: onUidImportance: UID: 10160 is in foreground: true
12-15 21:12:35.824  2381  3812 D ForegroundUtils: onUidImportance: UID: 10241 is in foreground: false
12-15 21:12:35.825  2381  3812 D ForegroundUtils: onUidImportance: UID: 10258 is in foreground: false
12-15 21:12:35.825  2381  3812 D ForegroundUtils: onUidImportance: UID: 1001000 is in foreground: false
12-15 21:12:35.825  2381  3812 D ForegroundUtils: onUidImportance: UID: 1001002 is in foreground: true
12-15 21:12:35.825  2381  3812 D ForegroundUtils: onUidImportance: UID: 1010147 is in foreground: false
12-15 21:12:35.825  2381  3812 D ForegroundUtils: onUidImportance: UID: 1010157 is in foreground: true
12-15 21:12:35.825  2381  3812 D ForegroundUtils: onUidImportance: UID: 1010160 is in foreground: false
12-15 21:12:35.825  2381  3812 D ForegroundUtils: onUidImportance: UID: 1010258 is in foreground: true
12-15 21:12:35.825  2381  3812 D ForegroundUtils: onUidImportance: UID: 1010260 is in foreground: true
12-15 21:12:35.825  2381  3812 D ForegroundUtils: onUidImportance: UID: 1010268 is in foreground: true
12-15 21:12:35.825  1460  1522 W WindowManager: lockNow pending, ignore updating lockscreen timeout
12-15 21:12:35.827  1277  1277 D AOC     : A3:MSG: usf_sensor.cc, 1792: USF: Received stop sampling request for MMC5616 Magnetometer (active:1).
12-15 21:12:35.827  1277  1277 D AOC     : A3:MSG: mmc5616_device.cc, 448: USF: MMC56160: mmc5616_enable_measure odr = 10.
12-15 21:12:35.827  1002  1673 I sensor-suez: Vendor atom [id = 100242] reported.
12-15 21:12:35.827  1002  1673 I sensor-suez: Vendor atom [id = 100243] reported.
12-15 21:12:35.830  1460  2835 W WindowManager: lockNow pending, ignore updating lockscreen timeout
12-15 21:12:35.831  1002  1618 D usf_sensor_hal: accelerometer: Enter Batch. Period = 200000000, latency = 0.
12-15 21:12:35.834  1277  1277 D AOC     : A3:MSG: usf_sensor.cc, 2402: USF: Received reconfig sampling request for LSM6DSV Accelerometer.
12-15 21:12:35.834  1002  1618 D usf_sensor_hal: IMU temperature: Enter Batch. Period = 533334000, latency = 0.
12-15 21:12:35.835  1002  1673 I sensor-suez: Vendor atom [id = 100243] reported.
12-15 21:12:35.835  1002  1618 D usf_sensor_hal: gyroscope: Enter Activate. Enable = 0.
12-15 21:12:35.836  1460  1895 D ActivityManager: sync unfroze 25292 com.google.android.apps.messaging for 6
12-15 21:12:35.837   978  1289 I Lyric   : lmp_pipeline.cc:523: [Bayer3][CAM2] Pipeline drained.
12-15 21:12:35.837   978  1289 I Lyric   : zuma_lmp_context.cc:120: Done flushing Lmp context bayer
12-15 21:12:35.837   978  1289 I Lyric   : zuma_lmp_context.cc:117: Flushing Lmp context pdaf
12-15 21:12:35.837   978  1289 I Lyric   : lmp_pipeline.cc:494: [Pdaf0][CAM2] Drain(timeout=0) entered. Number of frames in the queue is 0
12-15 21:12:35.837   978  1289 I Lyric   : lmp_pipeline.cc:498: [Pdaf0][CAM2] Pipeline drained.
12-15 21:12:35.837   978  1289 I Lyric   : zuma_lmp_context.cc:120: Done flushing Lmp context pdaf
12-15 21:12:35.837   978  1289 I Lyric   : zuma_csis_core_context.cc:957: [CAM2] Waiting for 0 bayer[0] images: none, 0 pd[0] images: none for 33ms
12-15 21:12:35.837   978  1289 I Lyric   : zuma_csis_core_context.cc:966: [CAM2] Flush is done
12-15 21:12:35.837   978  1289 I Lyric   : unified_zuma_front_end_controller.cc:562: [CAM2] Sensor isn't waiting on the barrier, skip re-acquiring the blocker
12-15 21:12:35.837   978  1289 I Lyric   : unified_zuma_front_end_controller.cc:483: [CAM2] Flushed.
12-15 21:12:35.837   978  1289 I Lyric   : per_camera_barrier_impl.cc:58: Blocker for FeControllerBlockCam2ToStop#1ForFlush released with status: OK without lwis fence.
12-15 21:12:35.837   978  1289 I Lyric   : unified_zuma_front_end_controller.cc:519: [CAM2] Sensor isn't waiting on the barrier, skip re-acquiring the blocker
12-15 21:12:35.837   978  1289 I Lyric   : zuma_backend_pipeline_context.cc:1933: Flushing backend pipeline Pipeline (ID: (instance_id: 162891), IPs: [ RawToYuv TnrMerge ], Max Outputs: 1, IPConnections: [ {producer: RawToYuv, consumer: TnrMerge, connection_type: votf}, ], Usecase: Realtime) took 15 us, with flush HW = false
12-15 21:12:35.837   978  1289 I Lyric   : zuma_backend_pipeline_context.cc:1933: Flushing backend pipeline Pipeline (ID: (instance_id: 162888), IPs: [ RawToYuv ], Max Outputs: 1, IPConnections: [ ], Usecase: Realtime) took 3 us, with flush HW = false
12-15 21:12:35.837   978  1289 I Lyric   : zuma_backend_pipeline_context.cc:1933: Flushing backend pipeline Pipeline (ID: (instance_id: 162891), IPs: [ RawToYuv TnrMerge ], Max Outputs: 1, IPConnections: [ {producer: RawToYuv, consumer: TnrMerge, connection_type: votf}, ], Usecase: Realtime) took 1 us, with flush HW = false
12-15 21:12:35.837   978  1289 I Lyric   : zuma_backend_pipeline_context.cc:1933: Flushing backend pipeline Pipeline (ID: (instance_id: 162892), IPs: [ MeshWarp Scaler ], Max Outputs: 2, IPConnections: [ {producer: MeshWarp, consumer: Scaler, connection_type: votf}, ], Usecase: Realtime) took 4 us, with flush HW = false
12-15 21:12:35.837   978  1289 I Lyric   : zuma_backend_pipeline_context.cc:1933: Flushing backend pipeline Pipeline (ID: (instance_id: 162892), IPs: [ MeshWarp Scaler ], Max Outputs: 2, IPConnections: [ {producer: MeshWarp, consumer: Scaler, connection_type: votf}, ], Usecase: Realtime) took 1 us, with flush HW = false
12-15 21:12:35.837   978  1289 I Lyric   : auto_focus_node.cc:2371: cam2_af: af context is flushed successfully
12-15 21:12:35.837   978  1289 I Lyric   : phase_detection_node.cc:659: cam2_pd: Flush done
12-15 21:12:35.837   978  1289 I Lyric   : auto_exposure_node.cc:1159: {type: Node, name: top_graph_for_camera_RearMultiFov.cam2_ae, class_name: AutoExposureNode}: AE input statistics: {process_input_count = 241, dropped_requests = 1, stats_not_ready_count = 0, motion_stats_not_ready_count = 0, segmentation_mask_not_ready_count = 0, stage_detection_result_not_ready_count = 0, saliency_data_not_ready_count = 0, valid_flash_state = 240, valid_exposure_timestamp = 237, valid_sensor_properties = 237, valid_motion_stats = 0, valid_wb_config = 239, valid_color_correction = 239}
12-15 21:12:35.837  1277  1277 D AOC     : A3:MSG: usf_sensor.cc, 1792: USF: Received stop sampling request for LSM6DSV Gyroscope (active:4).
12-15 21:12:35.837   978  1289 I Lyric   : retiming_node.cc:1692: Rear(hal id: 2), Over the past 1.042786825s there were 14 responses sent and 10 of them had no error. FPS: 13.4256 Non-error FPS: 9.58969
12-15 21:12:35.837   978  1289 I Lyric   : camera_device_session_manager_base.cc:1354: Finished flushing graph:top_graph_for_camera_RearMultiFov
12-15 21:12:35.837   978 26509 W Lyric   : framework_allocator.cc:369: Removing framework buffer cache when the buffer reference is held by not just the FrameworkAllocator's cache, use_count: 3, info: {type: FrameworkBuffer, Size: 15168000, FD: 792, Attributes: Transport: DMA, CPU Access: true, GPU Access: false, Security: None, Cached: UnCached, Compression: None}
12-15 21:12:35.837   978 26509 I Lyric   : framework_allocator.cc:50: Current registry:  - lifetime allocations: 713, deallocations: 712, outstanding: 1, peak outstanding: 6
12-15 21:12:35.837   978 26509 I Lyric   :  - current bytes allocated: 0, peak bytes allocated: 0 (framework buffers not tracked)
12-15 21:12:35.837   978 26509 I Lyric   :  -  1 instances of {type: AllocationSpec, request_id: 237, stream_id: 1} allocated at frontend_request_node.cc:271
12-15 21:12:35.838 25554 25687 W CAM_MetadataDst: onCaptureFailed for Frame 237
12-15 21:12:35.838 25554 26372 W CAM_YUV_420_888w1440h10: Received onBufferLost from Stream-10 for frame 237 but was unable to find a matching request to abort.
12-15 21:12:35.838  1002  1618 D usf_sensor_hal: IMU temperature: Enter Batch. Period = 533334000, latency = 0.
12-15 21:12:35.838 25554 26371 W CAM_RAW10w4208h3120: Received onBufferLost from Stream-9 for frame 237 but was unable to find a matching request to abort.
12-15 21:12:35.838 25554 26371 W CAM_RAW10w4208h3120: Received onBufferLost from Stream-9 for frame 238 but was unable to find a matching request to abort.
12-15 21:12:35.839  1002  1673 I sensor-suez: Vendor atom [id = 100242] reported.
12-15 21:12:35.839  1002  1673 I sensor-suez: Vendor atom [id = 100243] reported.
12-15 21:12:35.839 25554 26370 W CAM_RAW10w4000h3000: Received onBufferLost from Stream-8 for frame 237 but was unable to find a matching request to abort.
12-15 21:12:35.839 25554 26373 W CAM_PRIVATEw1440h1080: Received onBufferLost from Stream-11 for frame 237 but was unable to find a matching request to abort.
12-15 21:12:35.839 25554 25687 W CAM_MetadataDst: onCaptureFailed for Frame 238
12-15 21:12:35.839 25554 26372 W CAM_YUV_420_888w1440h10: Received onBufferLost from Stream-10 for frame 238 but was unable to find a matching request to abort.
12-15 21:12:35.839 25554 25687 W CAM_MetadataDst: onCaptureFailed for Frame 239
12-15 21:12:35.839 25554 26371 W CAM_RAW10w4208h3120: Received onBufferLost from Stream-9 for frame 239 but was unable to find a matching request to abort.
12-15 21:12:35.839 25554 26372 W CAM_YUV_420_888w1440h10: Received onBufferLost from Stream-10 for frame 239 but was unable to find a matching request to abort.
12-15 21:12:35.839 25554 26373 W CAM_PRIVATEw1440h1080: Received onBufferLost from Stream-11 for frame 238 but was unable to find a matching request to abort.
12-15 21:12:35.839 25554 26373 W CAM_PRIVATEw1440h1080: Received onBufferLost from Stream-11 for frame 239 but was unable to find a matching request to abort.
12-15 21:12:35.839 25554 26371 W CAM_RAW10w4208h3120: Received onBufferLost from Stream-9 for frame 240 but was unable to find a matching request to abort.
12-15 21:12:35.839 25554 25687 W CAM_MetadataDst: onCaptureFailed for Frame 240
12-15 21:12:35.840 25554 26372 W CAM_YUV_420_888w1440h10: Received onBufferLost from Stream-10 for frame 240 but was unable to find a matching request to abort.
12-15 21:12:35.840 25554 26370 W CAM_RAW10w4000h3000: Received onBufferLost from Stream-8 for frame 238 but was unable to find a matching request to abort.
12-15 21:12:35.840 25554 26373 W CAM_PRIVATEw1440h1080: Received onBufferLost from Stream-11 for frame 240 but was unable to find a matching request to abort.
12-15 21:12:35.840 25554 26370 W CAM_RAW10w4000h3000: Received onBufferLost from Stream-8 for frame 239 but was unable to find a matching request to abort.
12-15 21:12:35.840 25554 26370 W CAM_RAW10w4000h3000: Received onBufferLost from Stream-8 for frame 240 but was unable to find a matching request to abort.
12-15 21:12:35.842  1460  4399 W TransitionChain: Combining toTransluce into #6385(OPEN|R|0x0) from startAct
12-15 21:12:35.845  1460  5545 W ProcessStats: Tracking association SourceState{cd4271f system/1000 ImpBg #564256} whose proc state 6 is better than process ProcessState{ec5f52b com.google.android.apps.messaging/10239 pkg=com.google.android.apps.messaging} proc state 14 (28 skipped)
12-15 21:12:35.851 25292 25346 I ForwardSyncCache: reclaimMemory: Clearing caches
12-15 21:12:35.853 25554 26399 W GraphicBufferSource: released unpopulated slots: [0, 1, 2, 3, 4, 5, 6, 7, 8, 9, 10, 11, 12, 13, 14, 15, 16, 17, 18, 19, 20, 21, 22, 23, 24, 25, 26, 27, 28, 29, 30, 31, 32, 33, 34, 35, 36, 37, 38, 39, 40, 41, 42, 43, 44, 45, 46, 47, 48, 49, 50, 51, 52, 53, 54, 55, 56, 57, 58, 59, 60, 61, 62, 63]
12-15 21:12:35.858  1016  1061 I ExynosC2HevcEncComponent: [release] component is released
12-15 21:12:35.858  5326  5562 D MediaProvider: Open with FUSE. FilePath: /storage/emulated/10/DCIM/Camera/PXL_20251216_030409204.MP.jpg. Uid: 1010268. Media Capabilities Uid: 0. ShouldRedact: false. ShouldTranscode: false
12-15 21:12:35.858 25292 25374 I BugleDataModel: ActionExecutorImpl: ACTION_EXECUTE_QUEUED_SendReportAction
12-15 21:12:35.858 25554 26453 D AidlBufferPool: bufferpool2 0xce3c34c3ef38 : 0(0 size) total buffers - 0(0 size) used buffers - 0/0 (recycle/alloc) - 0/0 (fetch/transfer)
12-15 21:12:35.858 25554 26453 D AidlBufferPool: Destruction - bufferpool2 0xce3c34c3ef38 cached: 0/0M, 0/0% in use; allocs: 0, 0% recycled; transfers: 0, 0% unfetched
12-15 21:12:35.859 21348 21348 D WindowOnBackDispatcher: setTopOnBackInvokedCallback (unwrapped): android.app.Activity$$ExternalSyntheticLambda0@eb255ff
12-15 21:12:35.859 21348 21348 D WindowOnBackDispatcher: setTopOnBackInvokedCallback (unwrapped): hvy@a5c7fcc
12-15 21:12:35.862 25292 25516 I BugleDataModel: ExecuteActionRunnable: running action SendReportAction
12-15 21:12:35.863  1460  5485 D CoreBackPreview: Window{b945ea9 u10 com.google.android.apps.photos/com.google.android.apps.photos.pager.HostPhotoPagerActivity}: Setting back callback OnBackInvokedCallbackInfo{mCallback=android.window.IOnBackInvokedCallback$Stub$Proxy@f7f2dc7, mPriority=-1, mIsAnimationCallback=false, mOverrideBehavior=0}
12-15 21:12:35.864  1016  4856 D AidlBufferPool: bufferpool2 0x900cb4300766568 : 0(0 size) total buffers - 0(0 size) used buffers - 0/0 (recycle/alloc) - 0/0 (fetch/transfer)
12-15 21:12:35.864  1016  4856 D AidlBufferPool: Destruction - bufferpool2 0x900cb4300766568 cached: 0/0M, 0/0% in use; allocs: 0, 0% recycled; transfers: 0, 0% unfetched
12-15 21:12:35.864  1460  5545 W WindowManager: lockNow pending, ignore updating lockscreen timeout
12-15 21:12:35.865 25554 26414 W GraphicBufferSource: released unpopulated slots: [0, 1, 2, 3, 4, 5, 6, 7, 8, 9, 10, 11, 12, 13, 14, 15, 16, 17, 18, 19, 20, 21, 22, 23, 24, 25, 26, 27, 28, 29, 30, 31, 32, 33, 34, 35, 36, 37, 38, 39, 40, 41, 42, 43, 44, 45, 46, 47, 48, 49, 50, 51, 52, 53, 54, 55, 56, 57, 58, 59, 60, 61, 62, 63]
12-15 21:12:35.865 25292 25516 I BugleDataModel: ActionExecutorImpl: ACTION_BACKGROUND_QUEUED_SendReportAction
12-15 21:12:35.866  1460  5485 D CoreBackPreview: Window{b945ea9 u10 com.google.android.apps.photos/com.google.android.apps.photos.pager.HostPhotoPagerActivity}: Setting back callback OnBackInvokedCallbackInfo{mCallback=android.window.IOnBackInvokedCallback$Stub$Proxy@aff7760, mPriority=0, mIsAnimationCallback=true, mOverrideBehavior=0}
12-15 21:12:35.870 25292 26344 W JobInfo : Job 'com.google.android.apps.messaging/.shared.datamodel.action.execution.ActionJobService#101' has a deadline with no functional constraints. The deadline won't improve job execution latency. Consider removing the deadline.
12-15 21:12:35.870  1016  4856 I ExynosC2HevcEncComponent: [release] component is released
12-15 21:12:35.871  1460  5485 W JobInfo : Job 'com.google.android.apps.messaging/.shared.datamodel.action.execution.ActionJobService#101' has a deadline with no functional constraints. The deadline won't improve job execution latency. Consider removing the deadline.
12-15 21:12:35.871 25554 26439 D AidlBufferPool: bufferpool2 0xce3c34c41b28 : 0(0 size) total buffers - 0(0 size) used buffers - 0/0 (recycle/alloc) - 0/0 (fetch/transfer)
12-15 21:12:35.871 25554 26439 D AidlBufferPool: Destruction - bufferpool2 0xce3c34c41b28 cached: 0/0M, 0/0% in use; allocs: 0, 0% recycled; transfers: 0, 0% unfetched
12-15 21:12:35.871  1016 28676 D AidlBufferPool: bufferpool2 0x100cb43006f2de8 : 0(0 size) total buffers - 0(0 size) used buffers - 0/0 (recycle/alloc) - 0/0 (fetch/transfer)
12-15 21:12:35.871  1016 28676 D AidlBufferPool: Destruction - bufferpool2 0x100cb43006f2de8 cached: 0/0M, 0/0% in use; allocs: 0, 0% recycled; transfers: 0, 0% unfetched
12-15 21:12:35.872 25292 25346 W Bugle   : TextClassifierLibManagerImpl: Reclaiming memory at level: 40
12-15 21:12:35.876 25292 26344 I BugleDataModel: ActionExecutorImpl: ACTION_RESPONSE_QUEUED_SendReportAction
12-15 21:12:35.877  1460  5485 W JobScheduler: Job didn't exist in JobStore: 75cc17b #u0a239/101 com.google.android.apps.messaging/.shared.datamodel.action.execution.ActionJobService
12-15 21:12:35.896  1460  1522 W WindowManager: lockNow pending, ignore updating lockscreen timeout
12-15 21:12:35.896  1040  9489 D StreamHalAidl: [in|ioHandle:1422] dump
12-15 21:12:35.899 25292 25380 I ForwardSyncCache: reclaimMemory: Clearing caches
12-15 21:12:35.900 25292 25380 W Bugle   : TextClassifierLibManagerImpl: Reclaiming memory at level: 40
12-15 21:12:35.900  1460  5485 W WindowManager: lockNow pending, ignore updating lockscreen timeout
12-15 21:12:35.903 25554 25578 I native  : I0000 00:00:1765854755.902888   25578 gxp_device.cc:220] GxpDevice closed.
12-15 21:12:35.905  1040  9489 W libutils.threads: Thread (this=0xc018cdaad008): getTid() is undefined before run()
12-15 21:12:35.905  1040  9489 D StreamHalAidl: [in|ioHandle:1422] ~StreamHalAidl
12-15 21:12:35.906   975  3787 I ASvc::StreamCommonImpl: close (primary-capture) : closing primary-capture, on 400454
12-15 21:12:35.906   975 26392 I ASvc::CommandWorker: cw-primary-capture: exit command form HAL
12-15 21:12:35.906   975 26392 I AUtl::Worker: Loop: cw-primary-capture thread exit
12-15 21:12:35.906   975 26391 I AUtl::Worker: Loop: pw-primary-capture thread exit
12-15 21:12:35.908  1460  1522 W WindowManager: lockNow pending, ignore updating lockscreen timeout
12-15 21:12:35.916  1460  1522 W WindowManager: lockNow pending, ignore updating lockscreen timeout
12-15 21:12:35.917  1253 26476 D AidlBufferPool: bufferpool2 0x900bdfba4614268 : 1(6144 size) total buffers - 1(6144 size) used buffers - 0/1 (recycle/alloc) - 0/0 (fetch/transfer)
12-15 21:12:35.920  1016 26455 I ExynosC2HevcEncComponent: [doQueue] input detects EOS flag !!
12-15 21:12:35.920 25554 25642 D AidlBufferPool: bufferpool2 0xce3c34c45be8 : 0(0 size) total buffers - 0(0 size) used buffers - 0/0 (recycle/alloc) - 0/0 (fetch/transfer)
12-15 21:12:35.920 25554 25642 D AidlBufferPool: bufferpool2 0xce3c34c134d8 : 4(153600 size) total buffers - 3(115200 size) used buffers - 0/5 (recycle/alloc) - 0/0 (fetch/transfer)
12-15 21:12:35.920  2185  3014 V WindowManagerShell: onTransitionReady(transaction=6270652675895)
12-15 21:12:35.921  1253  2310 D AidlBufferPool: Destruction - bufferpool2 0x300bdfba4613368 cached: 0/0M, 0/0% in use; allocs: 3, 0% recycled; transfers: 2, 0% unfetched
12-15 21:12:35.921  1253 26476 W mediaswcodec: AIBinder_linkToDeath is being called with a non-null cookie and no onUnlink callback set. This might not be intended. AIBinder_DeathRecipient_setOnUnlinked should be called first.
12-15 21:12:35.922  2185  2422 V WindowManagerShell: onTransitionReady (#6385) android.os.BinderProxy@e332ba3: {id=6385 t=OPEN f=0x0 trk=0 r=[0@Point(0, 0)] c=[
12-15 21:12:35.922  2185  2422 V WindowManagerShell:         {m=OPEN f=TRANSLUCENT|FILLS_TASK leash=Surface(name=ActivityRecord{188461031 u10 com.google.android.apps.photos/.pager.HostPhotoPagerActivity t1000012})/@0x5b63cd5 sb=Rect(0, 0 - 0, 0) eb=Rect(0, 0 - 1080, 2424) epz=Point(1080, 2424) d=-1->0 r=-1->0:-1 activity=ActivityTransitionInfo { component = ComponentInfo{com.google.android.apps.photos/com.google.android.apps.photos.pager.HostPhotoPagerActivity}, taskId = 1000012, appCompatTransitionInfo = null } opt={t=CUSTOM enterResId=0 changeResId=0 exitResId=0 mUserId=10}}
12-15 21:12:35.922  2185  2422 V WindowManagerShell:     ]}
12-15 21:12:35.922  2185  2422 V WindowManagerShell: Playing animation for (#6385) android.os.BinderProxy@e332ba3@0
12-15 21:12:35.922  2185  2422 V ShellRecents: RecentsTransitionHandler.startAnimation: no controller found
12-15 21:12:35.922  2185  2422 V WindowManagerShell: Transition doesn't have explicit remote, search filters for match for {id=6385 t=OPEN f=0x0 trk=0 r=[0@Point(0, 0)] c=[{m=OPEN f=TRANSLUCENT|FILLS_TASK leash=Surface(name=ActivityRecord{188461031 u10 com.google.android.apps.photos/.pager.HostPhotoPagerActivity t1000012})/@0x5b63cd5 sb=Rect(0, 0 - 0, 0) eb=Rect(0, 0 - 1080, 2424) epz=Point(1080, 2424) d=-1->0 r=-1->0:-1 activity=ActivityTransitionInfo { component = ComponentInfo{com.google.android.apps.photos/com.google.android.apps.photos.pager.HostPhotoPagerActivity}, taskId = 1000012, appCompatTransitionInfo = null } opt={t=CUSTOM enterResId=0 changeResId=0 exitResId=0 mUserId=10}}]}
12-15 21:12:35.922  2185  2422 V WindowManagerShell:  Checking filter Pair{{types=[] flags=0x0] notFlags=0x100 checks=[{atype=home independent=true modes=[OPEN,TO_FRONT] flags=NONE mustBeTask=false order=TOP topActivity=ComponentInfo{com.android.launcher3/com.android.launcher3.uioverrides.QuickstepLauncher} launchCookie=null windowingMode=undefined},{atype=standard independent=true modes=[CLOSE,TO_BACK] flags=NONE mustBeTask=false order=ANY topActivity=null launchCookie=null windowingMode=undefined},{NOT atype=undefined independent=true modes=[] flags=NONE mustBeTask=true order=ANY topActivity=null launchCookie=null customAnim=true windowingMode=undefined}]} RemoteTransition { remoteTransition = android.window.IRemoteTransition$Stub$Proxy@180d240, appThread = android.app.IApplicationThread$Stub$Proxy@1693579, debugName = QuickstepLaunchHome }}
12-15 21:12:35.922  2185  2422 V WindowManagerShell:  Checking filter Pair{{types=[] flags=0x0] notFlags=0x100 checks=[{atype=home independent=true modes=[OPEN,TO_FRONT] flags=NONE mustBeTask=false order=TOP topActivity=ComponentInfo{com.android.launcher3/com.android.launcher3.uioverrides.QuickstepLauncher} launchCookie=null windowingMode=undefined},{atype=standard independent=true modes=[CLOSE,TO_BACK] flags=NONE mustBeTask=false order=ANY topActivity=null launchCookie=null windowingMode=undefined},{NOT atype=undefined independent=true modes=[] flags=NONE mustBeTask=true order=ANY topActivity=null launchCookie=null customAnim=true windowingMode=undefined}]} RemoteTransition { remoteTransition = android.window.IRemoteTransition$Stub$Proxy@3699a19, appThread = android.app.IApplicationThread$Stub$Proxy@9406ade, debugName = QuickstepLaunchHome }}
12-15 21:12:35.922  2185  2422 V WindowManagerShell:  Delegate animation for (#6385) to null
12-15 21:12:35.922  2185  2422 V WindowManagerShell: start default transition animation, info = {id=6385 t=OPEN f=0x0 trk=0 r=[0@Point(0, 0)] c=[{m=OPEN f=TRANSLUCENT|FILLS_TASK leash=Surface(name=ActivityRecord{188461031 u10 com.google.android.apps.photos/.pager.HostPhotoPagerActivity t1000012})/@0x5b63cd5 sb=Rect(0, 0 - 0, 0) eb=Rect(0, 0 - 1080, 2424) epz=Point(1080, 2424) d=-1->0 r=-1->0:-1 activity=ActivityTransitionInfo { component = ComponentInfo{com.google.android.apps.photos/com.google.android.apps.photos.pager.HostPhotoPagerActivity}, taskId = 1000012, appCompatTransitionInfo = null } opt={t=CUSTOM enterResId=0 changeResId=0 exitResId=0 mUserId=10}}]}
12-15 21:12:35.923  2185  2422 V WindowManagerShell: Transition animation finished (aborted=false), notifying core (#6385) android.os.BinderProxy@e332ba3@0
12-15 21:12:35.924  1460  1518 I ActivityTaskManager: Displayed com.google.android.apps.photos/.pager.HostPhotoPagerActivity for user 10: +134ms
12-15 21:12:35.924  1460  1518 V WindowManager: Sent Transition (#6385) createdAt=12-15 21:12:35.792 via request=TransitionRequestInfo { type = OPEN, triggerTask = TaskInfo{userId=10 taskId=1000012 effectiveUid=1010260 displayId=0 isRunning=true baseIntent=Intent { act=android.intent.action.MAIN cat=[android.intent.category.LAUNCHER] flg=0x10000000 pkg=com.google.android.GoogleCamera cmp=com.google.android.GoogleCamera/com.android.camera.CameraLauncher } baseActivity=ComponentInfo{com.google.android.GoogleCamera/com.google.android.apps.camera.activity.main.CameraActivity} topActivity=ComponentInfo{com.google.android.apps.photos/com.google.android.apps.photos.pager.HostPhotoPagerActivity} origActivity=ComponentInfo{com.google.android.GoogleCamera/com.android.camera.CameraLauncher} realActivity=ComponentInfo{com.google.android.GoogleCamera/com.google.android.apps.camera.activity.main.CameraActivity} numActivities=2 lastActiveTime=724012523 supportsMultiWindow=false resizeMode=0 isResizeable=false minWidth=-1 minHeight=-1 defaultMinSize=220 token=WCT{RemoteToken{5f88e27 Task{e16f64f #1000012 type=standard I=com.google.android.GoogleCamera/com.android.camera.CameraLauncher nonResizable}}} topActivityType=1 pictureInPictureParams=null shouldDockBigOverlays=false launchIntoPipHostTaskId=-1 lastParentTaskIdBeforePip=-1 displayCutoutSafeInsets=Rect(0, 0 - 0, 0) topActivityInfo=ActivityInfo{3ed7db com.google.android.apps.photos.pager.HostPhotoPagerActivity} launchCookies=[] positionInParent=Point(0, 0) parentTaskId=-1 isFocused=true isVisible=true isVisibleRequested=true isTopActivityNoDisplay=false isSleeping=false locusId=null displayAreaFeatureId=1 isTopActivityTransparent=false isActivityStackTransparent=false lastNonFullscreenBounds=Rect(276, 716 - 804, 1796) capturedLink=null capturedLinkTimestamp=0 requestedVisibleTypes=-9 topActivityRequestOpenInBrowserEducationTimestamp=0 appCompatTaskInfo=AppCompatTaskInfo { topActivityInSizeCompat=false eligibleForLetterboxEducation= false isLetterboxEducationEnabled= false isLetterboxDoubleTapEnabled= false eligibleForUserAspectRatioButton= false topActivityBoundsLetterboxed= false isFromLetterboxDoubleTap= false topActivityLetterboxVerticalPosition= -1 topActivityLetterboxHorizontalPosition= -1 topActivityLetterboxWidth=-1 topActivityLetterboxHeight=-1 topActivityAppBounds=Rect(0, 0 - 1080, 2424) isUserFullscreenOverrideEnabled=false isSystemFullscreenOverrideEnabled=false hasMinAspectRatioOverride=false topActivityLetterboxBounds=null cameraCompatTaskInfo=CameraCompatTaskInfo { freeformCameraCompatMode=inactiveundefined} topNonResizableActivityAspectRatio=-1.0} topActivityMainWindowFrame=null isAppBubble=false}, pipChange = null, remoteTransition = null, displayChange = null, flags = 0, debugId = 6385 }
12-15 21:12:35.924  1460  1518 V WindowManager:     startWCT=WindowContainerTransaction { changes= {} hops= [] errorCallbackToken=null taskFragmentOrganizer=null }
12-15 21:12:35.925  1460  1518 V WindowManager:     info={id=6385 t=OPEN f=0x0 trk=0 r=[0@Point(0, 0)] c=[
12-15 21:12:35.925  1460  1518 V WindowManager:         {m=OPEN f=TRANSLUCENT|FILLS_TASK leash=Surface(name=ActivityRecord{188461031 u10 com.google.android.apps.photos/.pager.HostPhotoPagerActivity t1000012})/@0x9d4a98c sb=Rect(0, 0 - 0, 0) eb=Rect(0, 0 - 1080, 2424) epz=Point(1080, 2424) d=-1->0 r=-1->0:-1 activity=ActivityTransitionInfo { component = ComponentInfo{com.google.android.apps.photos/com.google.android.apps.photos.pager.HostPhotoPagerActivity}, taskId = 1000012, appCompatTransitionInfo = null } opt={t=CUSTOM enterResId=0 changeResId=0 exitResId=0 mUserId=10}}
12-15 21:12:35.925  1460  1518 V WindowManager:     ]}
12-15 21:12:35.925  5326  5562 D MediaProvider: Open with FUSE. FilePath: /storage/emulated/10/DCIM/Camera/PXL_20251216_030409204.MP.jpg. Uid: 1010268. Media Capabilities Uid: 0. ShouldRedact: false. ShouldTranscode: false
12-15 21:12:35.927   978  1415 I Lyric   : zuma_fc_driver.cc:126: [FEIRQ] FC bayer context 3, event 2305843009213694054, name: IspFe.fc_bayer.Context3FcLateConfig, count: 1, timestamp: 724012649209562
12-15 21:12:35.927   978  1415 I Lyric   : zuma_fc_driver.cc:142: [FEIRQ] FC pdaf context 0, event 2305843009213694112, name: IspFe.fc_pdaf.Context0PdafLateConfig, count: 1, timestamp: 724012649266040
12-15 21:12:35.927   978  1414 I Lyric   : fe_programming_async_event_handler.cc:113: [FEIRQ] Received event IspFe.fe_programming.Context3FcBayerLateConfigSyncSuccess. Count: 1. Timestamp: 724012649241503 ns.
12-15 21:12:35.927   978  1415 I Lyric   : zuma_csis_core_driver.cc:260: [FEIRQ] CSIS Core context 0: event IspFe.csis_core_pd_err.LogicalChannel0LateConfigError #1, category: 16, count: 1, timestamp: 724012649328417
12-15 21:12:35.927   978  1414 I Lyric   : fe_programming_async_event_handler.cc:113: [FEIRQ] Received event IspFe.fe_programming.Context0FcPdafLateConfigSyncSuccess. Count: 1. Timestamp: 724012649287809 ns.
12-15 21:12:35.927   978  1414 I Lyric   : fe_programming_async_event_handler.cc:113: [FEIRQ] Received event IspFe.fe_programming.LoCh0CsisCorePdLateConfigSyncSuccess. Count: 1. Timestamp: 724012649355192 ns.
12-15 21:12:35.927   978  1415 I Lyric   : zuma_csis_core_driver.cc:260: [FEIRQ] CSIS Core context 0: event IspFe.csis_core_img_err.LogicalChannel0LateConfigError #1, category: 12, count: 1, timestamp: 724012649395231
12-15 21:12:35.927   978  1414 I Lyric   : fe_programming_async_event_handler.cc:113: [FEIRQ] Received event IspFe.fe_programming.LoCh0CsisCoreImgLateConfigSyncSuccess. Count: 1. Timestamp: 724012649421150 ns.
12-15 21:12:35.928  1460  1518 V WindowManager: Finish Transition (#6385): created at 12-15 21:12:35.792 collect-started=0.222ms request-sent=9.857ms started=11.274ms ready=25.96ms sent=119.047ms commit=15.836ms finished=134.786ms
12-15 21:12:35.930  1253  2220 D AidlBufferPoolAcc: evictor expired: 1, evicted: 0
12-15 21:12:35.930  2185  2422 V WindowManagerShell: Track 0 became idle
12-15 21:12:35.930  2185  2422 V WindowManagerShell: All active transition animations finished
12-15 21:12:35.931  2185  2422 V WindowManagerShell:  animated by com.android.wm.shell.transition.DefaultTransitionHandler@3025094
12-15 21:12:35.931  2185  2422 V WindowManagerShell: Track 0 became idle
12-15 21:12:35.931  2185  2422 V WindowManagerShell: All active transition animations finished
12-15 21:12:35.931  1460  1522 W WindowManager: lockNow pending, ignore updating lockscreen timeout
12-15 21:12:35.932  1016 26470 D ExynosVideoEncoder: MFC_Encoder_Enqueue_Inbuf: EMPTY DATA
12-15 21:12:35.933 25554 25781 D AidlBufferPoolAcc: evictor expired: 1, evicted: 0
12-15 21:12:35.935  1016 26455 I ExynosC2HevcEncComponent: [onUpdateC2Work] got SYNC FRAME
12-15 21:12:35.935  1016 26473 D AidlBufferPool: bufferpool2 0x300cb43007667e8 : 5(11665280 size) total buffers - 5(11665280 size) used buffers - 1/7 (recycle/alloc) - 0/0 (fetch/transfer)
12-15 21:12:35.935  5326  5562 D MediaProvider: Open with FUSE. FilePath: /storage/emulated/10/DCIM/Camera/PXL_20251216_030409204.MP.jpg. Uid: 1010268. Media Capabilities Uid: 0. ShouldRedact: false. ShouldTranscode: false
12-15 21:12:35.936  1016 26455 W samsung.hardware.media.c2@1.2-service: AIBinder_linkToDeath is being called with a non-null cookie and no onUnlink callback set. This might not be intended. AIBinder_DeathRecipient_setOnUnlinked should be called first.
12-15 21:12:35.937 25554 26432 E CAM_jte : onEncoded(0) was received but we weren't expecting this timestamp
12-15 21:12:35.941 25554 26452 D CCodecBuffers: [c2.exynos.hevc.encoder#844:1D-Output] received null buffer
12-15 21:12:35.941 25554 26450 D CCodecBufferChannel: [c2.exynos.hevc.encoder#844] MediaCodec discarded an unknown buffer
12-15 21:12:35.941 25554 26450 D CCodecBufferChannel: [c2.exynos.hevc.encoder#844] MediaCodec discarded an unknown buffer
12-15 21:12:35.941 25554 26450 D CCodecBufferChannel: [c2.exynos.hevc.encoder#844] MediaCodec discarded an unknown buffer
12-15 21:12:35.944 21348 21348 D ImeBackDispatcher: switch root view (mImeCallbacks.size=0)
12-15 21:12:35.947  1460  1927 I ImeTracker: com.google.android.apps.photos:d0dfcf76: onRequestHide at ORIGIN_SERVER reason HIDE_UNSPECIFIED_WINDOW fromUser false
12-15 21:12:35.947 21348 21348 D InsetsController: hide(ime())
12-15 21:12:35.947 21348 21348 I ImeTracker: com.google.android.apps.photos:d0dfcf76: onCancelled at PHASE_CLIENT_ALREADY_HIDDEN
12-15 21:12:35.947 25554 25554 D ImeBackDispatcher: Clear (mImeCallbacks.size=0)
12-15 21:12:35.948 25554 25554 I ImeTracker: com.google.android.GoogleCamera:c03d433e: onRequestHide at ORIGIN_CLIENT reason HIDE_WINDOW_LOST_FOCUS fromUser false
12-15 21:12:35.948 25554 25554 D InsetsController: hide(ime())
12-15 21:12:35.948 25554 25554 I ImeTracker: com.google.android.GoogleCamera:c03d433e: onCancelled at PHASE_CLIENT_ALREADY_HIDDEN
12-15 21:12:35.948 25554 25554 D ImeBackDispatcher: switch root view (mImeCallbacks.size=0)
12-15 21:12:35.950  1016 26455 D AidlBufferPool: bufferpool2 0x500cb430078f968 : 0(0 size) total buffers - 0(0 size) used buffers - 0/0 (recycle/alloc) - 0/0 (fetch/transfer)
12-15 21:12:35.950  1016 26455 D AidlBufferPool: Destruction - bufferpool2 0x500cb430078f968 cached: 0/0M, 0/0% in use; allocs: 0, 0% recycled; transfers: 0, 0% unfetched
12-15 21:12:35.951  1460  5485 I ImeTracker: system_server:c9e1e18: onRequestHide at ORIGIN_SERVER reason IME_REQUESTED_CHANGED_LISTENER fromUser false
12-15 21:12:35.951  1460  1521 I ImeTracker: system_server:c9e1e18: onCancelled at PHASE_SERVER_SHOULD_HIDE
12-15 21:12:35.951  1460  1522 W WindowManager: lockNow pending, ignore updating lockscreen timeout
12-15 21:12:35.954  1002  1618 D usf_sensor_hal: gyroscope: ConfigDirectReport: stop sampling, period = 0.
12-15 21:12:35.956  1277  1277 D AOC     : A3:MSG: usf_sensor.cc, 1792: USF: Received stop sampling request for LSM6DSV Gyroscope (active:3).
12-15 21:12:35.957  1016  4856 I ExynosC2HevcEncComponent: [release] component is released
12-15 21:12:35.957  1016  4856 I libbinder.BpBinder: onLastStrongRef automatically unlinking death recipients: android.hardware.media.bufferpool2.IClientManager
12-15 21:12:35.957 25554 26452 D AidlBufferPool: Destruction - bufferpool2 0xce3c34c45be8 cached: 0/0M, 0/0% in use; allocs: 0, 0% recycled; transfers: 0, 0% unfetched
12-15 21:12:35.958  1016  4856 I ECOSession: ECOSession destroyed with w: 1440, h: 1080, isCameraRecording: 1
12-15 21:12:35.960  1277  1277 D AOC     : A3:MSG: controller.cc, 275: CNTRL: cmd ID: 0x00d4, tag: 0x8c [cntr = 352090]
12-15 21:12:35.961  1277  1277 D AOC     : A3:MSG: controller.cc, 919: CNTRL: ipc: control, cmd ID: 0x00d4, tag: 0x8c, rc: 0
12-15 21:12:35.968  5326  5562 D MediaProvider: Open with FUSE. FilePath: /storage/emulated/10/DCIM/Camera/PXL_20251216_030409204.MP.jpg. Uid: 1010268. Media Capabilities Uid: 0. ShouldRedact: false. ShouldTranscode: false
12-15 21:12:35.972  5326  5562 D MediaProvider: Open with FUSE. FilePath: /storage/emulated/10/DCIM/Camera/PXL_20251216_030409204.MP.jpg. Uid: 1010268. Media Capabilities Uid: 0. ShouldRedact: false. ShouldTranscode: false
12-15 21:12:36.029  1460  4399 W WindowManager: lockNow pending, ignore updating lockscreen timeout
12-15 21:12:36.031 21348 21348 W BitmapDrawable: BitmapDrawable created with null Bitmap
12-15 21:12:36.031 21348 21348 W BitmapDrawable: BitmapDrawable created with null Bitmap
12-15 21:12:36.048  1460  1576 V DisplayPowerController[0]: Brightness [0.032768495] reason changing to: 'automatic [ hdr ]', previous reason: 'automatic'.
12-15 21:12:36.048  1460  1576 I DisplayPowerController[0]: BrightnessEvent: brt=0.032768495(54.0%)(hdr=0.16851452), nits=60.569065(hdr=302.83618), lux=45.533142, reason=automatic [ hdr ], strat=AutomaticBrightnessStrategy, state=ON, stateReason=KEY, policy=BRIGHT, flags=, initBrt=0.032768495, rcmdBrt=0.032768495, preBrt=NaN, preLux=NaN, lastReadLux=44.37563, wasShortTermModelActive=false, autoBrightness=true (default), unclampedBrt=0.032768495, hbmMax=0.33444074, hbmMode=hdr, thrmMax=1.0, rbcStrength=35, powerFactor=1.0, physDisp=Built-in Screen(local:4619827612623940864), logicalId=0, slowChange=false, rampSpeed=0.7047244
12-15 21:12:36.052  2462  3325 I PixelDisplayManager: onDisplayChanged(Built-in Screen, 0, local:4619827612623940864): screenOn=true, hbmMode=2, br=0.16851452, product=DeviceProductInfo{name=TG4C-40B-00, manufacturerPnpId=GGL, productId=0, modelYear=null, manufactureDate=ManufactureDate{week=1, year=1990}, connectionToSinkType=1}
12-15 21:12:36.078   646 24620 I hwc-display: path=drm, id=0, level=1162, nits=64.046677, brightness=0.034701, DimmingOn=0, Hbm=0, LhbmOn=0, OpRate=0
12-15 21:12:36.078   646 24620 I hwc-display: path=drm, id=0, level=1162, nits=64.046677, brightness=0.034701, DimmingOn=0, Hbm=0, LhbmOn=0, OpRate=0
12-15 21:12:36.094   646 24620 I hwc-display: path=drm, id=0, level=1212, nits=68.655518, brightness=0.037278, DimmingOn=0, Hbm=0, LhbmOn=0, OpRate=0
12-15 21:12:36.094   646 24620 I hwc-display: path=drm, id=0, level=1212, nits=68.655518, brightness=0.037278, DimmingOn=0, Hbm=0, LhbmOn=0, OpRate=0
12-15 21:12:36.111   646   717 I hwc-display: path=drm, id=0, level=1264, nits=73.431557, brightness=0.039949, DimmingOn=0, Hbm=0, LhbmOn=0, OpRate=0
12-15 21:12:36.120  1277  1277 D AOC     : A3:MSG: tmd3733_device.cc, 3249: USF: TMD3733: dbv:1264 luma:0 leak:0.00/0.00 rr:60 te2:0 status:1 op_hz:0[1]
12-15 21:12:36.122  1277  1277 D AOC     : A3:MSG: tmd3733_device.cc, 3051: USF: TMD3733: [ALS]sync_delay_adjustment: 0
12-15 21:12:36.124  1277  1277 D AOC     : A3:MSG: tmd3733_device.cc, 3186: USF: TMD3733: vsync_delay_usec: 13000
12-15 21:12:36.127   646 24620 I hwc-display: path=drm, id=0, level=1317, nits=78.372665, brightness=0.042713, DimmingOn=0, Hbm=0, LhbmOn=0, OpRate=0
12-15 21:12:36.144   646 24620 I hwc-display: path=drm, id=0, level=1367, nits=83.479164, brightness=0.045568, DimmingOn=0, Hbm=0, LhbmOn=0, OpRate=0
12-15 21:12:36.149  1460  4399 W WindowManager: lockNow pending, ignore updating lockscreen timeout
12-15 21:12:36.161   646 24620 I hwc-display: path=drm, id=0, level=1410, nits=88.751495, brightness=0.048517, DimmingOn=0, Hbm=0, LhbmOn=0, OpRate=0
12-15 21:12:36.178   646   717 I hwc-display: path=drm, id=0, level=1455, nits=94.195946, brightness=0.051562, DimmingOn=0, Hbm=0, LhbmOn=0, OpRate=0
12-15 21:12:36.200   646 24620 I hwc-display: path=drm, id=0, level=1501, nits=99.795898, brightness=0.054694, DimmingOn=0, Hbm=0, LhbmOn=0, OpRate=0
12-15 21:12:36.201 21348 21348 D VRI[HostPhotoPagerActivity]: changeCanvasOpacity: opaque=true
12-15 21:12:36.202  2185  2422 V WindowManagerShell: Transition requested (#6386): android.os.BinderProxy@98a9678 TransitionRequestInfo { type = TO_BACK, triggerTask = null, pipChange = null, remoteTransition = null, displayChange = null, flags = 0, debugId = 6386 }
12-15 21:12:36.203   642   709 I libbinder.BpBinder: onLastStrongRef automatically unlinking death recipients: 
12-15 21:12:36.205  1460  1522 W WindowManager: lockNow pending, ignore updating lockscreen timeout
12-15 21:12:36.209  1460  1518 V WindowManager: Sent Transition (#6386) createdAt=12-15 21:12:36.200 via request=TransitionRequestInfo { type = TO_BACK, triggerTask = null, pipChange = null, remoteTransition = null, displayChange = null, flags = 0, debugId = 6386 }
12-15 21:12:36.209  1460  1518 V WindowManager:     startWCT=WindowContainerTransaction { changes= {} hops= [] errorCallbackToken=null taskFragmentOrganizer=null }
12-15 21:12:36.209  1460  1518 V WindowManager:     info={id=6386 t=TO_BACK f=0x0 trk=0 r=[0@Point(0, 0)] c=[
12-15 21:12:36.209  1460  1518 V WindowManager:         {m=TO_BACK f=FILLS_TASK leash=Surface(name=ActivityRecord{12081326 u10 com.google.android.GoogleCamera/com.android.camera.CameraLauncher t1000012})/@0x6214d34 sb=Rect(0, 0 - 1080, 2424) eb=Rect(0, 0 - 1080, 2424) epz=Point(1080, 2424) d=0 activity=ActivityTransitionInfo { component = ComponentInfo{com.google.android.GoogleCamera/com.google.android.apps.camera.activity.main.CameraActivity}, taskId = 1000012, appCompatTransitionInfo = null } opt={t=SCENE_TRANSITION mUserId=10}}
12-15 21:12:36.209  1460  1518 V WindowManager:     ]}
12-15 21:12:36.212  2185  3014 V WindowManagerShell: onTransitionReady(transaction=6270652675910)
12-15 21:12:36.213  2185  2422 V WindowManagerShell: onTransitionReady (#6386) android.os.BinderProxy@98a9678: {id=6386 t=TO_BACK f=0x0 trk=0 r=[0@Point(0, 0)] c=[
12-15 21:12:36.213  2185  2422 V WindowManagerShell:         {m=TO_BACK f=FILLS_TASK leash=Surface(name=ActivityRecord{12081326 u10 com.google.android.GoogleCamera/com.android.camera.CameraLauncher t1000012})/@0x2aad151 sb=Rect(0, 0 - 1080, 2424) eb=Rect(0, 0 - 1080, 2424) epz=Point(1080, 2424) d=0 activity=ActivityTransitionInfo { component = ComponentInfo{com.google.android.GoogleCamera/com.google.android.apps.camera.activity.main.CameraActivity}, taskId = 1000012, appCompatTransitionInfo = null } opt={t=SCENE_TRANSITION mUserId=10}}
12-15 21:12:36.213  2185  2422 V WindowManagerShell:     ]}
12-15 21:12:36.213  2185  2422 V WindowManagerShell: Playing animation for (#6386) android.os.BinderProxy@98a9678@0
12-15 21:12:36.213  2185  2422 V ShellRecents: RecentsTransitionHandler.startAnimation: no controller found
12-15 21:12:36.213  2185  2422 V WindowManagerShell: Transition doesn't have explicit remote, search filters for match for {id=6386 t=TO_BACK f=0x0 trk=0 r=[0@Point(0, 0)] c=[{m=TO_BACK f=FILLS_TASK leash=Surface(name=ActivityRecord{12081326 u10 com.google.android.GoogleCamera/com.android.camera.CameraLauncher t1000012})/@0x2aad151 sb=Rect(0, 0 - 1080, 2424) eb=Rect(0, 0 - 1080, 2424) epz=Point(1080, 2424) d=0 activity=ActivityTransitionInfo { component = ComponentInfo{com.google.android.GoogleCamera/com.google.android.apps.camera.activity.main.CameraActivity}, taskId = 1000012, appCompatTransitionInfo = null } opt={t=SCENE_TRANSITION mUserId=10}}]}
12-15 21:12:36.214  2185  2422 V WindowManagerShell:  Checking filter Pair{{types=[] flags=0x0] notFlags=0x100 checks=[{atype=home independent=true modes=[OPEN,TO_FRONT] flags=NONE mustBeTask=false order=TOP topActivity=ComponentInfo{com.android.launcher3/com.android.launcher3.uioverrides.QuickstepLauncher} launchCookie=null windowingMode=undefined},{atype=standard independent=true modes=[CLOSE,TO_BACK] flags=NONE mustBeTask=false order=ANY topActivity=null launchCookie=null windowingMode=undefined},{NOT atype=undefined independent=true modes=[] flags=NONE mustBeTask=true order=ANY topActivity=null launchCookie=null customAnim=true windowingMode=undefined}]} RemoteTransition { remoteTransition = android.window.IRemoteTransition$Stub$Proxy@180d240, appThread = android.app.IApplicationThread$Stub$Proxy@1693579, debugName = QuickstepLaunchHome }}
