--------- beginning of main
12-15 21:12:34.244   978  1777 I native  : I0000 00:00:1765854754.243997    1777 tripod_detector.cc:73] Leave tripod mode.
--------- beginning of system
12-15 21:12:34.794   978 31891 I Lyric   : retiming_node.cc:1692: Rear(hal id: 2), Over the past 2.024395265s there were 20 responses sent and 20 of them had no error. FPS: 9.87949 Non-error FPS: 9.87949
12-15 21:12:34.848   978  1777 I native  : I0000 00:00:1765854754.848026    1777 tripod_detector.cc:71] Enter tripod mode.
12-15 21:12:34.848   978  1777 I native  : I0000 00:00:1765854754.848359    1777 tripod_detector.cc:73] Leave tripod mode.
12-15 21:12:34.944  1732  1753 I pixel-thermal: usb_pwr_therm:30.726 raw data: usb_pwr_therm:30726 
12-15 21:12:35.253   978  1777 I native  : I0000 00:00:1765854755.253274    1777 tripod_detector.cc:71] Enter tripod mode.
12-15 21:12:35.424   978 26433 W Lyric   : shutter_notification_manager.cc:270: 2 calls in 6 sec(s): vsync timeout for frame 234
12-15 21:12:35.458  1277  1277 D AOC     : A3:MSG: lsm6dsv_device.cc, 732: USF: Lsm6dsvDevice: Sensor 3: Enabled 0, odr_index 0, period_ns 0.
12-15 21:12:35.459  1277  1277 D AOC     : A3:MSG: vsc_controller.cc, 602: VSC: [Double Twist] stopSensorEvents: sensor 0x20002
12-15 21:12:35.459  1277  1277 D AOC     : A3:MSG: lsm6dsv_fifo.cc, 755: USF: Lsm6dsvFifo: ODR: XL/G/T/TS: 240/240/15/30 WM: 2 Intr: 240.
12-15 21:12:35.459  1277  1277 D AOC     : A3:MSG: vsc_controller.cc, 584: VSC: [Double Twist] requestSensorEvents: sensor 0x10001, period=20 latency=0ms.
12-15 21:12:35.460  1277  1277 D AOC     : A3:MSG: lsm6dsv_device.cc, 252: USF: Lsm6dsvDevice: Config sampling too slow. Took 1374064ns.
12-15 21:12:35.461  1277  1277 D AOC     : A3:MSG: lsm6dsv_device.cc, 641: USF: Lsm6dsvDevice: Fifo was disabled for 1374064ns.
12-15 21:12:35.465  1277  1277 D AOC     : A3:MSG: usf_sensor.cc, 1792: USF: Received stop sampling request for LSM6DSV Motion Detect (active:-1).
12-15 21:12:35.465  1277  1277 D AOC     : A3:MSG: usf_sensor.cc, 2354: USF: Sampling configuration 96203 not found.
12-15 21:12:35.465  1277  1277 D AOC     : A3:MSG: usf_sensor_client.cc, 173: USF: Received kErrNotFound when disabling one shot sensor.
12-15 21:12:35.465  1277  1277 D AOC     : A3:MSG: usf_sensor.cc, 1784: USF: Received start sampling request for LSM6DSV Stationary Detect (active:1).
12-15 21:12:35.465  1277  1277 D AOC     : A3:MSG: lsm6dsv_device.cc, 732: USF: Lsm6dsvDevice: Sensor 4: Enabled 1, odr_index 1, period_ns 500000000.
12-15 21:12:35.465  1277  1277 D AOC     : A3:MSG: lsm6dsv_fifo.cc, 755: USF: Lsm6dsvFifo: ODR: XL/G/T/TS: 240/240/15/30 WM: 2 Intr: 240.
12-15 21:12:35.466  1277  1277 D AOC     : A3:MSG: lsm6dsv_device.cc, 641: USF: Lsm6dsvDevice: Fifo was disabled for 689616ns.
12-15 21:12:35.467  1277  1277 D AOC     : A3:MSG: motion_state_sensor.cc, 328: USF: MoSt: StationaryDetect sampling started with sampling ID 96205.
12-15 21:12:35.471  1277  1277 D AOC     : A3:MSG: usf_sensor.cc, 1784: USF: Received start sampling request for LSM6DSV Accelerometer (active:7).
12-15 21:12:35.472  1277  1277 D AOC     : A3:MSG: usf_sensor.cc, 1784: USF: Received start sampling request for LSM6DSV FreeFall Detect (active:1).
12-15 21:12:35.472  1277  1277 D AOC     : A3:MSG: vsc_controller.cc, 602: VSC: [Step Counter] stopSensorEvents: sensor 0x20002
12-15 21:12:35.473  1277  1277 D AOC     : A3:MSG: vsc_controller.cc, 584: VSC: [Step Counter] requestSensorEvents: sensor 0x10001, period=20 latency=1000ms.
12-15 21:12:35.474  1277  1277 D AOC     : A3:MSG: lsm6dsv_device.cc, 732: USF: Lsm6dsvDevice: Sensor 5: Enabled 1, odr_index 2, period_ns 500000000.
12-15 21:12:35.475  1277  1277 D AOC     : A3:MSG: lsm6dsv_fifo.cc, 755: USF: Lsm6dsvFifo: ODR: XL/G/T/TS: 240/240/15/30 WM: 2 Intr: 240.
12-15 21:12:35.476  1277  1277 D AOC     : A3:MSG: lsm6dsv_device.cc, 641: USF: Lsm6dsvDevice: Fifo was disabled for 586548ns.
12-15 21:12:35.484  1277  1277 D AOC     : A3:MSG: usf_sensor.cc, 1784: USF: Received start sampling request for LSM6DSV Stationary Detect (active:2).
12-15 21:12:35.487   979  1003 I CHRE    : @ 724031.900: Received a sampling status update for one shot sensor LSM6DSV FreeFall Detect
12-15 21:12:35.487   979  1003 I CHRE    : @ 724031.902: Received a sampling status update for one shot sensor LSM6DSV Stationary Detect
12-15 21:12:35.489  2176  2183 I deeptouch: I0000 00:00:1765854755.489629    2183 tf_lite_classifier.cc:413] Event stream classified as kNone
12-15 21:12:35.539  1040  1608 D DeviceHalAidl: [default] createAudioPatch: sources: 1 sinks 1
12-15 21:12:35.540  1040  1608 D Hal2AidlMapper: [default] createOrUpdatePatch: patch ID: 204, [disregard IDs] sources: [AudioPortConfig{id: 1, portId: 0, sampleRate: Int{value: 48000}, channelMask: AudioChannelLayout{layoutMask: 3}, format: AudioFormatDescription{type: PCM, pcm: FLOAT_32_BIT, encoding: }, gain: (null), flags: AudioIoFlags{output: 6}, ext: AudioPortExt{mix: AudioPortMixExt{handle: 13, usecase: AudioPortMixExtUseCase{stream: SYS_RESERVED_DEFAULT}, maxOpenStreamCount: 0, maxActiveStreamCount: 0, recommendedMuteDurationMs: 0}}}], sinks: [AudioPortConfig{id: 3, portId: 0, sampleRate: (null), channelMask: (null), format: (null), gain: (null), flags: (null), ext: AudioPortExt{device: AudioPortDeviceExt{device: AudioDevice{type: AudioDeviceDescription{type: OUT_SPEAKER, connection: }, address: AudioDeviceAddress{id: }}, flags: 0, encodedFormats: [], encapsulationModes: 0, encapsulationMetadataTypes: 0, speakerLayout: (null)}}}]
12-15 21:12:35.540  1040  1608 D Hal2AidlMapper: [default] findOrCreatePortConfig: device port config does not have audio or gain config specified
12-15 21:12:35.541   975  3787 I AHal::PortRouteManager: UpdateOrAddPatch: update patch 204, AudioPatch{id: 204, source: [400001/1: primary-playback], sink: [100001/100001: speaker], min frames: 480, latencies: [50]}
12-15 21:12:35.541   975  3787 I AHal::Router: InvalidateLocked: nothing change between graph #2061 and #2062
12-15 21:12:35.541   975  1596 I ASvc::StreamOut: getRecommendedLatencyModes: modes = [FREE]
12-15 21:12:35.542   975  1596 I StHal::SoundTriggerHal: ProcessStreamMetadata: active usage tracks: 0
12-15 21:12:35.542   975  1596 D BTAudioSessionAidl: UpdateSourceMetadata - SessionType=LE_AUDIO_HARDWARE_OFFLOAD_ENCODING_DATAPATH has NO session
12-15 21:12:35.542   975  1596 D BTAudioSessionAidl: GetSupportedLatencyModes - SessionType=LE_AUDIO_HARDWARE_OFFLOAD_ENCODING_DATAPATH has NO session
12-15 21:12:35.542   975  1596 D BTAudioSessionAidl: SetLatencyMode - SessionType=LE_AUDIO_HARDWARE_OFFLOAD_ENCODING_DATAPATH has NO session
12-15 21:12:35.542   975  1596 D BTAudioSessionAidl: GetSupportedLatencyModes - SessionType=A2DP_HARDWARE_OFFLOAD_ENCODING_DATAPATH has NO session
12-15 21:12:35.542   975  1596 D BTAudioSessionAidl: SetLatencyMode - SessionType=A2DP_HARDWARE_OFFLOAD_ENCODING_DATAPATH has NO session
12-15 21:12:35.546  1460  5485 W AS.PlaybackActivityMon: No piid assigned for invalid/internal port id 956
12-15 21:12:35.547   975  1596 D AHal::UseCase: SetActiveTracks: update primary-playback active tracks(1)
12-15 21:12:35.547   975  1596 I StHal::SoundTriggerHal: ProcessStreamMetadata: active usage tracks: 0
12-15 21:12:35.547   975  1596 D BTAudioSessionAidl: UpdateSourceMetadata - SessionType=LE_AUDIO_HARDWARE_OFFLOAD_ENCODING_DATAPATH has NO session
12-15 21:12:35.547   975  1596 D BTAudioSessionAidl: GetSupportedLatencyModes - SessionType=LE_AUDIO_HARDWARE_OFFLOAD_ENCODING_DATAPATH has NO session
12-15 21:12:35.547   975  1596 D BTAudioSessionAidl: SetLatencyMode - SessionType=LE_AUDIO_HARDWARE_OFFLOAD_ENCODING_DATAPATH has NO session
12-15 21:12:35.547   975  1596 D BTAudioSessionAidl: GetSupportedLatencyModes - SessionType=A2DP_HARDWARE_OFFLOAD_ENCODING_DATAPATH has NO session
12-15 21:12:35.547   975  1596 D BTAudioSessionAidl: SetLatencyMode - SessionType=A2DP_HARDWARE_OFFLOAD_ENCODING_DATAPATH has NO session
12-15 21:12:35.548   975  1605 I ASvc::CommandWorker: cw-primary-playback: Command{start: Void{}} in StreamOutStandbyState
12-15 21:12:35.550   975  1605 I ASvc::CommandWorker: cw-primary-playback: Command{burst: 0} in StreamOutIdleState
12-15 21:12:35.550   975  1605 I ASvc::CommandWorker: StartStreamAndActivateRoute: try to start primary-playback, counter 5
12-15 21:12:35.550   975  1605 I AHal::Router: Activate: activate 400001 without a scoped lock
12-15 21:12:35.550   975  1605 I AHal::Router: InvalidateLocked: new graph #2063 Edges(1):
12-15 21:12:35.550   975  1605 I AHal::Router:   [direction: 0, use case: primary-playback, id: 0, use case extras: [aec: false, ns: false], use case attributes: [active track: true][sample_rate: 48000][channel layout: AudioChannelLayout{layoutMask: 3}][format: AudioFormatDescription{type: PCM, pcm: FLOAT_32_BIT, encoding: }], device: speaker, sibling device: , handle: 0x600d802b8508200, device extras: [source: SYS_RESERVED_INVALID, voice call: false, st aec: false, hac: false, sr: 48000, ch: AudioChannelLayout{layoutMask: 3}, f: AudioFormatDescription{type: PCM, pcm: FLOAT_32_BIT, encoding: }, hifi: 0], config id: [u: 400001, d:100001], priority: 0000]
12-15 21:12:35.550   975  1605 I AHal::Router: InvalidateLocked: ============ apply graph #2063 [Mon Dec 15 21:12:35 2025] start ============
12-15 21:12:35.550   975  1605 I AHal::Router: LogTransferring: Transferring (1):
12-15 21:12:35.550   975  1605 I AHal::Router: LogTransferring:   (null) => primary-playback-0 -> speaker
12-15 21:12:35.550   975  1605 I AHal::Router: Configure: config device primary-playback-0 -> speaker
12-15 21:12:35.550   975  1605 I AHal::Router: UpdateDeviceInterfaceSettings: commit device-speaker
12-15 21:12:35.551   975  1605 I AHal::PlaybackThermalThrottleByTemperature: Update Temperature: kIdle to kOnce
12-15 21:12:35.551   975  1605 I AHal::VoiceCall: Update: set echo reference on speaker for primary-playback
12-15 21:12:35.551   975  1605 I AHal::Speaker: Enable: speaker
12-15 21:12:35.551   975  1605 D audio_route: Apply path: hostless-ulC spk-vi
12-15 21:12:35.551   975  1581 I AHal::BatteryAdaptiveAudio: ProcessPlaybackTunerControl: update playback tuner with Disabled
12-15 21:12:35.551   975  1605 I AHal::AudioRoutePathController: ApplyPath: hostless-ulC spk-vi: true
12-15 21:12:35.551   975  1605 D AHal::TinyalsaDriverOperations: OpenAndPrepareLocked: open pcmC0D15c with [channel: 2, rate: 48000, period_size: 480, period_count: 2, format: 0, start_threshold: 0, stop_threshold: 24000, silence_threshold: 0, silence_size: 0, avail_min: 0]
12-15 21:12:35.552   978  1784 I native  : I0000 00:00:1765854755.551902    1784 tripod_detector.cc:71] Enter tripod mode.
12-15 21:12:35.552   978  1784 I native  : I0000 00:00:1765854755.552703    1784 tripod_detector.cc:73] Leave tripod mode.
12-15 21:12:35.556  1732  1732 I pixel-thermal: VIRTUAL-USB-UI:0 raw data: USB-MINUS-CHARGER:-9149 VIRTUAL-USB-UI:0 charging_therm:39875 usb_pwr_therm:30726 
12-15 21:12:35.556  1732  1732 I pixel-thermal: VIRTUAL-USB-THROTTLING:0 raw data: USB-MINUS-CHARGER:-9149 VIRTUAL-USB-THROTTLING:0 usb_pwr_therm:30726 
12-15 21:12:35.557  1732  1732 I pixel-thermal: VIRTUAL-SKIN-CHARGE-WLC:34.2938 raw data: VIRTUAL-SKIN-CHARGE-WLC:34293.8 charging_therm:39875 soc_therm:39029 usb_pwr_therm:30726 
12-15 21:12:35.557  1732  1732 I pixel-thermal: quiet_therm:36.402 raw data: quiet_therm:36402 
12-15 21:12:35.558  1732  1732 I pixel-thermal: VIRTUAL-SKIN-CHARGE:34.3143 raw data: VIRTUAL-SKIN-CHARGE:34314.3 VIRTUAL-SKIN-CHARGE-SUB-0:33455.6 VIRTUAL-SKIN-CHARGE-SUB-1:34314.3 btmspkr_therm:30748 charging_therm:39875 disp_therm:30103 north_therm:36781 quiet_therm:36402 rfpa_therm:36914 soc_therm:39029 usb_pwr_therm:30726 
12-15 21:12:35.558  1732  1732 I pixel-thermal: usb_pwr_therm:30.726 raw data: usb_pwr_therm:30726 
12-15 21:12:35.558  1732  1732 I pixel-thermal: cellular-emergency:34.3791 raw data: cellular-emergency:34379.1 
12-15 21:12:35.558  1732  1732 I pixel-thermal: VIRTUAL-SKIN-SPEAKER:33.5776 raw data: VIRTUAL-SKIN-SPEAKER:33577.6 VIRTUAL-SKIN-SPEAKER-MODEL:33577.6 
12-15 21:12:35.558  1732  1732 I pixel-thermal: btmspkr_therm:30.748 raw data: btmspkr_therm:30748 
12-15 21:12:35.559  1732  1732 I pixel-thermal: CPU_THROTTLE_SEVERE:0 raw data: CPU_THROTTLE_SEVERE:0 
12-15 21:12:35.559  1732  1732 I pixel-thermal: VIRTUAL-SKIN:34.3558 raw data: VIRTUAL-SKIN:34355.8 VIRTUAL-SKIN-LEGACY:34326.1 VIRTUAL-SKIN-LEGACY-MODEL-DIFF:5.33984 VIRTUAL-SKIN-LEGACY-SHUTDOWN:0 VIRTUAL-SKIN-MODEL:34320.8 VIRTUAL-SKIN-MODEL-CLAMPED:34320.8 VIRTUAL-SKIN-MODEL-LEGACY-DIFF:-5.33984 VIRTUAL-SKIN-MODEL-UPDATED:34355.8 VIRTUAL-SKIN-MODEL-UPPER-CLAMPED:34320.8 VIRTUAL-SKIN-SUB-0:33862.2 VIRTUAL-SKIN-SUB-1:32927.8 VIRTUAL-SKIN-SUB-2:34292.8 VIRTUAL-SKIN-SUB-3:34326.1 VIRTUAL-SKIN-SUB-4:32648 VT_LEGACY_WEIGHT:0 VT_MODEL_WEIGHT:1 battery:32500 btmspkr_therm:30748 charging_therm:39875 disp_therm:30103 north_therm:36781 quiet_therm:36402 rfpa_therm:36914 soc_therm:39029 usb_pwr_therm:30726 
12-15 21:12:35.559  1732  1732 I pixel-thermal: CPU_THROTTLE_SEVERE:0 raw data: CPU_THROTTLE_SEVERE:0 
12-15 21:12:35.559  1732  1732 I pixel-thermal: VIRTUAL-SKIN-DISPLAY:34.3791 raw data: VIRTUAL-SKIN-DISPLAY:34379.1 
12-15 21:12:35.559  1732  1732 I pixel-thermal: soc:26 raw data: soc:26 
12-15 21:12:35.560  1732  1732 I pixel-thermal: rfpa_therm:36.914 raw data: rfpa_therm:36914 
12-15 21:12:35.560  1732  1732 I pixel-thermal: battery:32.5 raw data: battery:32500 
12-15 21:12:35.560  1732  1732 I pixel-thermal: BCL_AUDIO_BAACL:0 raw data: BCL_AUDIO_BAACL:0 battery:32500 soc:26 
12-15 21:12:35.561  1732  1732 I pixel-thermal: north_therm:36.781 raw data: north_therm:36781 
12-15 21:12:35.561  1732  1732 I pixel-thermal: charging_therm:39.875 raw data: charging_therm:39875 
12-15 21:12:35.561  1732  1732 I pixel-thermal: disp_therm:30.103 raw data: disp_therm:30103 
12-15 21:12:35.561  1732  1732 I pixel-thermal: soc_therm:39.029 raw data: soc_therm:39029 
12-15 21:12:35.561   975  1558 I AHal::Waves::CustomAction: operator(): update link law source: 1 value: 33.5776, 33.5776
12-15 21:12:35.568   975  1605 I AHal::AdaptedRouteControl: Update: update route from null to adapted-speaker
12-15 21:12:35.568   975  1605 D audio_route: Apply path: adapted-speaker
12-15 21:12:35.568   975  1605 I AHal::AudioRoutePathController: ApplyPath: adapted-speaker: true
12-15 21:12:35.568   975  1605 I AHal::Tas25xxCodec: SetDriverOpMode: mode is 3
12-15 21:12:35.569   975  1605 D AHal::Tas25xxCodec: SetDriverOpMode: success
12-15 21:12:35.569   975  1605 I AHal::Tas25xxCodec: TurnOnSpeakerProtection
12-15 21:12:35.569   975  1605 I AHal::Tas25xxCodec: SetLibraryMode: mode is 2
12-15 21:12:35.570  1277  1277 D AOC     : F1:MSG: controller.cc, 275: AudioOutCtrl: cmd ID: 0x00d2, tag: 0x8a [cntr = 9698]
12-15 21:12:35.570  1277  1277 D AOC     : F1:Prot: paramID = 20010f0e, index = 3854, size = 4, ch = 2
12-15 21:12:35.570   975  1605 D audio_route: Apply path: speaker
12-15 21:12:35.570  1277  1277 D AOC     : F1:Prot: op mode value: 3
12-15 21:12:35.570  1277  1277 D AOC     : F1:MSG: controller.cc, 919: AudioOutCtrl: ipc: audio_output_tu, cmd ID: 0x00d2, tag: 0x85, rc: 0
12-15 21:12:35.570   975  1605 I AHal::AudioRoutePathController: ApplyPath: speaker: true
12-15 21:12:35.570   975  1605 D audio_route: Apply path: primary-playback-0 -> speaker
12-15 21:12:35.570  1277  1277 D AOC     : F1:MSG: controller.cc, 275: AudioOutCtrl: cmd ID: 0x00d1, tag: 0x8b [cntr = 9699]
12-15 21:12:35.571  1277  1277 D AOC     : F1:Prot: set library_mode_: 2, algo_enabled_: 1
12-15 21:12:35.571   975  1605 I AHal::AudioRoutePathController: ApplyPath: primary-playback-0 -> speaker: true
12-15 21:12:35.571   975  1605 I AHal::DeviceInterface: Connect: connect primary-playback-0 -> speaker
12-15 21:12:35.571   975  1605 I AHal::Waves: UpdateActiveDevices: adding speaker
12-15 21:12:35.571   975  1605 I AHal::Waves: UpdateTuning: Wake up Waves DSP for speaker
12-15 21:12:35.571  1277  1277 D AOC     : F1:MSG: controller.cc, 919: AudioOutCtrl: ipc: audio_output_tu, cmd ID: 0x00d1, tag: 0x86, rc: 0
12-15 21:12:35.571   975  1605 I AHal::Waves::CustomAction: GetData: Custom Data: {2,0,1,0,}
12-15 21:12:35.571  1277  1277 D AOC     : F1:MSG: controller.cc, 275: AudioOutCtrl: cmd ID: 0x010f, tag: 0x59 [cntr = 9700]
12-15 21:12:35.571   975  1605 I AHal::Waves: UpdateTuning: successfully set link law data 1 33.5776 33.5776
12-15 21:12:35.572  1277  1277 D AOC     : F1:Source 1 [Primary] mastered by sink 0 [Speaker]
12-15 21:12:35.572  1277  1277 D AOC     : F1:AT Map:2 (LL:0), 1 EPs active, Power: Yes, Config: No
12-15 21:12:35.572  1277  1277 D AOC     : F1:Mixer 0 configuration changed: (2)
12-15 21:12:35.572  1277  1277 D AOC     : F1:Sink 0 Configuration changed: ULL (enabled)
12-15 21:12:35.572  1277  1277 D AOC     : F1:AHWSinkSPKR started: 48 samples (32-bit,2 ch,48 kHz) block 384 ts_en 0
12-15 21:12:35.573  1277  1277 D AOC     : F1:[SPKR] protection library mips: 160
12-15 21:12:35.573  1277  1277 D AOC     : F1:[AHWSinkSPKR] DL resync B: 2636, A:2636. wo: 3212, target offset: 576 (align 140) -> ro:576
12-15 21:12:35.573  1277  1277 D AOC     : F1:Speaker TDM Started with Clk: 6144 KHz, FS: 48 KHz, Slots: 4 (4 ch used) DMA:1+2
12-15 21:12:35.573  1277  1277 D AOC     : F1:[Idle Tracker] long no idle:[0] average between idle:[0.174920ms] max no idle:[23.950482ms]
12-15 21:12:35.574  1277  1277 D AOC     : F1:MSG: controller.cc, 919: AudioOutCtrl: ipc: audio_output_co, cmd ID: 0x010f, tag: 0x59, rc: 0
12-15 21:12:35.574  1277  1277 D AOC     : F1:MSG: mix_creator.cc, 179: [AHWSinkSPKR] HF overrun. RP(0x80202200) not 3840 bytes behind WP(0x80202f80)
12-15 21:12:35.574  1277  1277 D AOC     : H0:Mixer AMixSPKR: 480 samples (0002/0002) (ON SC) multi out OFF
12-15 21:12:35.574  1277  1277 D AOC     : H0:	 1: 0x406319c8
12-15 21:12:35.574  1277  1277 D AOC     : H0:AMixSPKR PostProcessing Config: WAVES
12-15 21:12:35.575  1277  1277 D AOC     : H0:Mixer configuration updated
12-15 21:12:35.575  1277  1277 D AOC     : H0:[Idle Tracker] long no idle:[28] average between idle:[3.086241ms] max no idle:[235.672563ms]
12-15 21:12:35.575  1277  1277 D AOC     : H0:Mixer state changed
12-15 21:12:35.576  1277  1277 D AOC     : F1:MSG: controller.cc, 275: AudioOutCtrl: cmd ID: 0x00d5, tag: 0x8c [cntr = 9701]
12-15 21:12:35.577   975  1605 I AHal::AocPlaybackTuningAdapter: WriteReadTuningBuffer: updated tuning with size 12724
12-15 21:12:35.578  1277  1277 D AOC     : H0:MSG: controller.cc, 919: AudOutCtrlH0: ipc: C-AO-H0, cmd ID: 0x00d5, tag: 0x1c, rc: 0
12-15 21:12:35.578  1277  1277 D AOC     : F1:MSG: controller.cc, 919: AudioOutCtrl: ipc: audio_output_tu, cmd ID: 0x00d5, tag: 0x1c, rc: 0
12-15 21:12:35.578   975  1605 D AHal::Waves: UpdateTuning: update Device: speaker, InstanceId: 1, IsInitialize: false, NeedToUpdate: true, Parameters{is_bypass:false, MaxVolume: 0.0362078, ScreenOrientation: 0}, is_any_active_track_on_sink: true
12-15 21:12:35.578   975  1605 I AHal::Router: InvalidateLocked: ============ apply graph #2063 end ============
12-15 21:12:35.578   975  1605 I ASvc::PeriodicWorker: SetLinkedConfigIds: update linked configs [100001]
12-15 21:12:35.578   975  1605 D BTAudioSessionAidl: UpdateSourceMetadata - SessionType=LE_AUDIO_HARDWARE_OFFLOAD_ENCODING_DATAPATH has NO session
12-15 21:12:35.578   975  1605 D BTAudioSessionAidl: UpdateSinkMetadata - SessionType=LE_AUDIO_HARDWARE_OFFLOAD_DECODING_DATAPATH has NO session
12-15 21:12:35.578   975  1605 I AHal::Stream: Start: start stream primary-playback
12-15 21:12:35.578   975  1605 D AHal::TinyalsaDriverOperations: OpenAndPrepareLocked: open pcmC0D1p with [channel: 2, rate: 48000, period_size: 480, period_count: 4, format: 9, start_threshold: 0, stop_threshold: 18446744073709551615, silence_threshold: 0, silence_size: 0, avail_min: 0]
12-15 21:12:35.609  1277  1277 D AOC     : F1:MSG: controller.cc, 275: AudioOutCtrl: cmd ID: 0x00ce, tag: 0x5a [cntr = 9702]
12-15 21:12:35.610  1277  1277 D AOC     : F1:MSG: controller_audio_output.cc, 1971: audio_playback1 set default threshold 11520
12-15 21:12:35.610  1277  1277 D AOC     : F1:RAW Endpoint Data Format: 32-bit floating point (XTensa Optimized)
12-15 21:12:35.610  1277  1277 D AOC     : F1:MSG: controller.cc, 919: AudioOutCtrl: ipc: audio_output_co, cmd ID: 0x0132, tag: 0x10, rc: 0
12-15 21:12:35.610  1277  1277 D AOC     : F1:MSG: controller.cc, 275: AudioOutCtrl: cmd ID: 0x012a, tag: 0x5b [cntr = 9703]
12-15 21:12:35.611  1277  1277 D AOC     : F1:MSG: controller_audio_output.cc, 2110: audio_playback1 set threshold 11520 of 15360
12-15 21:12:35.611  1277  1277 D AOC     : F1:MSG: controller.cc, 919: AudioOutCtrl: ipc: audio_output_co, cmd ID: 0x012a, tag: 0x5b, rc: 0
12-15 21:12:35.611  1277  1277 D AOC     : F1:MSG: controller.cc, 275: AudioOutCtrl: cmd ID: 0x00c9, tag: 0x5c [cntr = 9704]
12-15 21:12:35.612  1277  1277 D AOC     : F1:MSG: controller.cc, 919: AudioOutCtrl: ipc: audio_output_co, cmd ID: 0x00c9, tag: 0x5c, rc: 0
12-15 21:12:35.613  1277  1277 E AOC     : F1:ERR: audio_entrypoint.cc, 143: Primary, ZeroEP 480 frames, count: 1
12-15 21:12:35.754  5326 23009 D MediaProvider: In user_select mode, recent selection only is not required.
12-15 21:12:35.762  5326 23009 D MediaProvider: In user_select mode, recent selection only is not required.
12-15 21:12:35.768  5326 23009 D MediaProvider: In user_select mode, recent selection only is not required.
12-15 21:12:35.772  5326 23009 D MediaProvider: In user_select mode, recent selection only is not required.
12-15 21:12:35.776  1460  2147 D BackgroundInstallControlService: Package event received: 0
12-15 21:12:35.778   975  1596 D AHal::UseCase: SetActiveTracks: update primary-playback active tracks(0)
12-15 21:12:35.778   975  1596 I AHal::Waves::CustomAction: GetData: Custom Data: {2,0,1,0,}
12-15 21:12:35.778   975  1596 D AHal::ThirdPartyEffectAmcs: UpdateAMCSData: update volume index[0] duration 206 ms.
12-15 21:12:35.778   975  1596 I AHal::Waves: UpdateTuning: update amcs instance id = Speaker, active_ms_in_vol_range = {206,0,0,0,0,0,0,0,0,0}
12-15 21:12:35.779  5326 23009 D MediaProvider: In user_select mode, recent selection only is not required.
12-15 21:12:35.781   975  1596 D AHal::Waves: UpdateTuning: update Device: speaker, InstanceId: 1, IsInitialize: true, NeedToUpdate: true, Parameters{is_bypass:false, MaxVolume: 0.0362078, ScreenOrientation: 0}, is_any_active_track_on_sink: false
12-15 21:12:35.781   975  1596 I StHal::SoundTriggerHal: ProcessStreamMetadata: active usage tracks: 0
12-15 21:12:35.781   975  1596 D BTAudioSessionAidl: UpdateSourceMetadata - SessionType=LE_AUDIO_HARDWARE_OFFLOAD_ENCODING_DATAPATH has NO session
12-15 21:12:35.781   975  1596 D BTAudioSessionAidl: GetSupportedLatencyModes - SessionType=LE_AUDIO_HARDWARE_OFFLOAD_ENCODING_DATAPATH has NO session
12-15 21:12:35.781   975  1596 D BTAudioSessionAidl: SetLatencyMode - SessionType=LE_AUDIO_HARDWARE_OFFLOAD_ENCODING_DATAPATH has NO session
12-15 21:12:35.781   975  1596 D BTAudioSessionAidl: GetSupportedLatencyModes - SessionType=A2DP_HARDWARE_OFFLOAD_ENCODING_DATAPATH has NO session
12-15 21:12:35.781   975  1596 D BTAudioSessionAidl: SetLatencyMode - SessionType=A2DP_HARDWARE_OFFLOAD_ENCODING_DATAPATH has NO session
12-15 21:12:35.787  5326  5562 D MediaProvider: In user_select mode, recent selection only is not required.
12-15 21:12:35.789  1460  2835 V WindowManager: DesktopModeLaunchParamsModifier: phase= 0 task=null activity=null display-area-from-source=DefaultTaskDisplayArea@130300324 display-id=0 task-display-area-windowing-mode=1 suggested-display-area=DefaultTaskDisplayArea@130300324 task null, skipping
12-15 21:12:35.789  1460  2835 V WindowManager: TaskLaunchParamsModifier:phase=0 task=null activity=null display-area-from-source=DefaultTaskDisplayArea@130300324 display-id=0 task-display-area-windowing-mode=1 suggested-display-area=DefaultTaskDisplayArea@130300324
12-15 21:12:35.791  1460  2835 V GrammaticalInflectionUtils: AttributionSource: android.content.AttributionSource@bff7008c does not have READ_SYSTEM_GRAMMATICAL_GENDER permission.
12-15 21:12:35.791  1460  2835 W OptProp : Cannot read opt property android.window.PROPERTY_COMPAT_ALLOW_RESIZEABLE_ACTIVITY_OVERRIDES
12-15 21:12:35.792  1460  2835 W OptProp : Cannot read opt property android.window.PROPERTY_COMPAT_ALLOW_MIN_ASPECT_RATIO_OVERRIDE
12-15 21:12:35.793  1460  2835 V WindowManager: DesktopModeLaunchParamsModifier: phase= 0 task=null activity=ActivityRecord{188461031 u10 com.google.android.apps.photos/.pager.HostPhotoPagerActivity display-area-from-source=DefaultTaskDisplayArea@130300324 display-id=0 task-display-area-windowing-mode=1 suggested-display-area=DefaultTaskDisplayArea@130300324 task null, skipping
12-15 21:12:35.793  1460  2835 V WindowManager: TaskLaunchParamsModifier:phase=0 task=null activity=ActivityRecord{188461031 u10 com.google.android.apps.photos/.pager.HostPhotoPagerActivity t-1} display-area-from-source=DefaultTaskDisplayArea@130300324 display-id=0 task-display-area-windowing-mode=1 suggested-display-area=DefaultTaskDisplayArea@130300324
12-15 21:12:35.794  1460  2835 V WindowManager: DesktopModeLaunchParamsModifier: phase= 3 task=Task{e16f64f #1000012 type=standard I=com.google.android.GoogleCamera/com.android.camera.CameraLauncher nonResizable} activity=ActivityRecord{188461031 u10 com.google.android.apps.photos/.pager.HostPhotoPagerActivity t-1} display-area-from-source=DefaultTaskDisplayArea@130300324 display-id=0 task-display-area-windowing-mode=1 suggested-display-area=DefaultTaskDisplayArea@130300324 not entering desktop mode, skipping
12-15 21:12:35.794  1460  2835 V WindowManager: TaskLaunchParamsModifier:phase=3 task=Task{e16f64f #1000012 type=standard I=com.google.android.GoogleCamera/com.android.camera.CameraLauncher nonResizable} activity=ActivityRecord{188461031 u10 com.google.android.apps.photos/.pager.HostPhotoPagerActivity t-1} display-area-from-source=DefaultTaskDisplayArea@130300324 display-id=0 task-display-area-windowing-mode=1 suggested-display-area=DefaultTaskDisplayArea@130300324 inherit-from-source=fullscreen non-freeform-task-display-area display-area=DefaultTaskDisplayArea@130300324 default-portrait freeform-size-mismatch=Rect(276, 716 - 804, 1796)
12-15 21:12:35.796  1460  2835 V WindowManager: DesktopModeLaunchParamsModifier: phase= 3 task=Task{e16f64f #1000012 type=standard I=com.google.android.GoogleCamera/com.android.camera.CameraLauncher nonResizable} activity=ActivityRecord{188461031 u10 com.google.android.apps.photos/.pager.HostPhotoPagerActivity t-1} display-area-from-source=DefaultTaskDisplayArea@130300324 display-id=0 task-display-area-windowing-mode=1 suggested-display-area=DefaultTaskDisplayArea@130300324 not entering desktop mode, skipping
12-15 21:12:35.796  1460  2835 V WindowManager: TaskLaunchParamsModifier:phase=3 task=Task{e16f64f #1000012 type=standard I=com.google.android.GoogleCamera/com.android.camera.CameraLauncher nonResizable} activity=ActivityRecord{188461031 u10 com.google.android.apps.photos/.pager.HostPhotoPagerActivity t-1} display-area-from-source=DefaultTaskDisplayArea@130300324 display-id=0 task-display-area-windowing-mode=1 suggested-display-area=DefaultTaskDisplayArea@130300324 inherit-from-source=fullscreen non-freeform-task-display-area display-area=DefaultTaskDisplayArea@130300324 default-portrait freeform-size-mismatch=Rect(276, 716 - 804, 1796)
12-15 21:12:35.797  1460  2835 W OptProp : Cannot read opt property android.window.PROPERTY_COMPAT_ALLOW_ORIENTATION_OVERRIDE
12-15 21:12:35.801   642  2873 I libbinder.BpBinder: onLastStrongRef automatically unlinking death recipients: 
12-15 21:12:35.801  1460  2835 E ContentProviderHelper: Unable to check Uri permission because caller is holding WM lock; assuming permission denied
12-15 21:12:35.801  1460  2835 E ContentProviderHelper: java.lang.IllegalStateException: Unable to check Uri permission because caller is holding WM lock; assuming permission denied
12-15 21:12:35.801  1460  2835 E ContentProviderHelper: 	at com.android.server.am.ContentProviderHelper.checkContentProviderUriPermission(ContentProviderHelper.java:1199)
12-15 21:12:35.801  1460  2835 E ContentProviderHelper: 	at com.android.server.am.ActivityManagerService$LocalService.checkContentProviderUriPermission(ActivityManagerService.java:16739)
12-15 21:12:35.801  1460  2835 E ContentProviderHelper: 	at com.android.server.uri.UriGrantsManagerService.checkHoldingPermissionsInternalUnlocked(UriGrantsManagerService.java:1214)
12-15 21:12:35.801  1460  2835 E ContentProviderHelper: 	at com.android.server.uri.UriGrantsManagerService.checkHoldingPermissionsUnlocked(UriGrantsManagerService.java:1124)
12-15 21:12:35.801  1460  2835 E ContentProviderHelper: 	at com.android.server.uri.UriGrantsManagerService.checkContentUriPermissionFullUnlocked(UriGrantsManagerService.java:1511)
12-15 21:12:35.801  1460  2835 E ContentProviderHelper: 	at com.android.server.uri.UriGrantsManagerService.-$$Nest$mcheckContentUriPermissionFullUnlocked(UriGrantsManagerService.java:0)
12-15 21:12:35.801  1460  2835 E ContentProviderHelper: 	at com.android.server.uri.UriGrantsManagerService$LocalService.checkUriPermission(UriGrantsManagerService.java:1721)
12-15 21:12:35.801  1460  2835 E ContentProviderHelper: 	at com.android.server.wm.ActivityCallerState.addContentUriIfUidHasPermission(ActivityCallerState.java:168)
12-15 21:12:35.801  1460  2835 E ContentProviderHelper: 	at com.android.server.wm.ActivityCallerState.computeCallerInfo(ActivityCallerState.java:114)
12-15 21:12:35.801  1460  2835 E ContentProviderHelper: 	at com.android.server.wm.ActivityRecord.computeCallerInfo(ActivityRecord.java:1820)
12-15 21:12:35.801  1460  2835 E ContentProviderHelper: 	at com.android.server.wm.ActivityRecord.computeInitialCallerInfo(ActivityRecord.java:1814)
12-15 21:12:35.801  1460  2835 E ContentProviderHelper: 	at com.android.server.wm.ActivityStarter.handleStartResult(ActivityStarter.java:1793)
12-15 21:12:35.801  1460  2835 E ContentProviderHelper: 	at com.android.server.wm.ActivityStarter.startActivityUnchecked(ActivityStarter.java:1734)
12-15 21:12:35.801  1460  2835 E ContentProviderHelper: 	at com.android.server.wm.ActivityStarter.executeRequest(ActivityStarter.java:1547)
12-15 21:12:35.801  1460  2835 E ContentProviderHelper: 	at com.android.server.wm.ActivityStarter.execute(ActivityStarter.java:868)
12-15 21:12:35.801  1460  2835 E ContentProviderHelper: 	at com.android.server.wm.ActivityTaskManagerService.startActivityAsUser(ActivityTaskManagerService.java:1319)
12-15 21:12:35.801  1460  2835 E ContentProviderHelper: 	at com.android.server.wm.ActivityTaskManagerService.startActivityAsUser(ActivityTaskManagerService.java:1263)
12-15 21:12:35.801  1460  2835 E ContentProviderHelper: 	at com.android.server.wm.ActivityTaskManagerService.startActivity(ActivityTaskManagerService.java:1231)
12-15 21:12:35.801  1460  2835 E ContentProviderHelper: 	at android.app.IActivityTaskManager$Stub.onTransact(IActivityTaskManager.java:1012)
12-15 21:12:35.801  1460  2835 E ContentProviderHelper: 	at com.android.server.wm.ActivityTaskManagerService.onTransact(ActivityTaskManagerService.java:5910)
12-15 21:12:35.801  1460  2835 E ContentProviderHelper: 	at android.os.Binder.execTransactInternal(Binder.java:1485)
12-15 21:12:35.801  1460  2835 E ContentProviderHelper: 	at android.os.Binder.execTransact(Binder.java:1424)
12-15 21:12:35.802  1460  2835 E ContentProviderHelper: Unable to check Uri permission because caller is holding WM lock; assuming permission denied
12-15 21:12:35.802  1460  2835 E ContentProviderHelper: java.lang.IllegalStateException: Unable to check Uri permission because caller is holding WM lock; assuming permission denied
12-15 21:12:35.802  1460  2835 E ContentProviderHelper: 	at com.android.server.am.ContentProviderHelper.checkContentProviderUriPermission(ContentProviderHelper.java:1199)
12-15 21:12:35.802  1460  2835 E ContentProviderHelper: 	at com.android.server.am.ActivityManagerService$LocalService.checkContentProviderUriPermission(ActivityManagerService.java:16739)
12-15 21:12:35.802  1460  2835 E ContentProviderHelper: 	at com.android.server.uri.UriGrantsManagerService.checkHoldingPermissionsInternalUnlocked(UriGrantsManagerService.java:1214)
12-15 21:12:35.802  1460  2835 E ContentProviderHelper: 	at com.android.server.uri.UriGrantsManagerService.checkHoldingPermissionsUnlocked(UriGrantsManagerService.java:1124)
12-15 21:12:35.802  1460  2835 E ContentProviderHelper: 	at com.android.server.uri.UriGrantsManagerService.checkContentUriPermissionFullUnlocked(UriGrantsManagerService.java:1511)
12-15 21:12:35.802  1460  2835 E ContentProviderHelper: 	at com.android.server.uri.UriGrantsManagerService.-$$Nest$mcheckContentUriPermissionFullUnlocked(UriGrantsManagerService.java:0)
12-15 21:12:35.802  1460  2835 E ContentProviderHelper: 	at com.android.server.uri.UriGrantsManagerService$LocalService.checkUriPermission(UriGrantsManagerService.java:1721)
12-15 21:12:35.802  1460  2835 E ContentProviderHelper: 	at com.android.server.wm.ActivityCallerState.addContentUriIfUidHasPermission(ActivityCallerState.java:168)
12-15 21:12:35.802  1460  2835 E ContentProviderHelper: 	at com.android.server.wm.ActivityCallerState.computeCallerInfo(ActivityCallerState.java:117)
12-15 21:12:35.802  1460  2835 E ContentProviderHelper: 	at com.android.server.wm.ActivityRecord.computeCallerInfo(ActivityRecord.java:1820)
12-15 21:12:35.802  1460  2835 E ContentProviderHelper: 	at com.android.server.wm.ActivityRecord.computeInitialCallerInfo(ActivityRecord.java:1814)
12-15 21:12:35.802  1460  2835 E ContentProviderHelper: 	at com.android.server.wm.ActivityStarter.handleStartResult(ActivityStarter.java:1793)
12-15 21:12:35.802  1460  2835 E ContentProviderHelper: 	at com.android.server.wm.ActivityStarter.startActivityUnchecked(ActivityStarter.java:1734)
12-15 21:12:35.802  1460  2835 E ContentProviderHelper: 	at com.android.server.wm.ActivityStarter.executeRequest(ActivityStarter.java:1547)
12-15 21:12:35.802  1460  2835 E ContentProviderHelper: 	at com.android.server.wm.ActivityStarter.execute(ActivityStarter.java:868)
12-15 21:12:35.802  1460  2835 E ContentProviderHelper: 	at com.android.server.wm.ActivityTaskManagerService.startActivityAsUser(ActivityTaskManagerService.java:1319)
12-15 21:12:35.802  1460  2835 E ContentProviderHelper: 	at com.android.server.wm.ActivityTaskManagerService.startActivityAsUser(ActivityTaskManagerService.java:1263)
12-15 21:12:35.802  1460  2835 E ContentProviderHelper: 	at com.android.server.wm.ActivityTaskManagerService.startActivity(ActivityTaskManagerService.java:1231)
12-15 21:12:35.802  1460  2835 E ContentProviderHelper: 	at android.app.IActivityTaskManager$Stub.onTransact(IActivityTaskManager.java:1012)
12-15 21:12:35.802  1460  2835 E ContentProviderHelper: 	at com.android.server.wm.ActivityTaskManagerService.onTransact(ActivityTaskManagerService.java:5910)
12-15 21:12:35.802  1460  2835 E ContentProviderHelper: 	at android.os.Binder.execTransactInternal(Binder.java:1485)
12-15 21:12:35.802  1460  2835 E ContentProviderHelper: 	at android.os.Binder.execTransact(Binder.java:1424)
12-15 21:12:35.803  1460  2835 I ActivityTaskManager: START u10 {act=android.provider.action.REVIEW dat=content://media/... flg=0x1 xflg=0x4 pkg=com.google.android.apps.photos cmp=com.google.android.apps.photos/.pager.HostPhotoPagerActivity (has extras)} with LAUNCH_MULTIPLE from uid 1010260 (com.google.android.GoogleCamera) (rr=12081326) (BAL_ALLOW_VISIBLE_WINDOW) result code=0
12-15 21:12:35.803  2185  2422 V WindowManagerShell: Transition requested (#6385): android.os.BinderProxy@e332ba3 TransitionRequestInfo { type = OPEN, triggerTask = TaskInfo{userId=10 taskId=1000012 effectiveUid=1010260 displayId=0 isRunning=true baseIntent=Intent { act=android.intent.action.MAIN cat=[android.intent.category.LAUNCHER] flg=0x10000000 pkg=com.google.android.GoogleCamera cmp=com.google.android.GoogleCamera/com.android.camera.CameraLauncher } baseActivity=ComponentInfo{com.google.android.GoogleCamera/com.google.android.apps.camera.activity.main.CameraActivity} topActivity=ComponentInfo{com.google.android.apps.photos/com.google.android.apps.photos.pager.HostPhotoPagerActivity} origActivity=ComponentInfo{com.google.android.GoogleCamera/com.android.camera.CameraLauncher} realActivity=ComponentInfo{com.google.android.GoogleCamera/com.google.android.apps.camera.activity.main.CameraActivity} numActivities=2 lastActiveTime=724012523 supportsMultiWindow=false resizeMode=0 isResizeable=false minWidth=-1 minHeight=-1 defaultMinSize=220 token=WCT{android.os.BinderProxy@e5d06ff} topActivityType=1 pictureInPictureParams=null shouldDockBigOverlays=false launchIntoPipHostTaskId=-1 lastParentTaskIdBeforePip=-1 displayCutoutSafeInsets=Rect(0, 0 - 0, 0) topActivityInfo=ActivityInfo{6276ea0 com.google.android.apps.photos.pager.HostPhotoPagerActivity} launchCookies=[] positionInParent=Point(0, 0) parentTaskId=-1 isFocused=true isVisible=true isVisibleRequested=true isTopActivityNoDisplay=false isSleeping=false locusId=null displayAreaFeatureId=1 isTopActivityTransparent=false isActivityStackTransparent=false lastNonFullscreenBounds=Rect(276, 716 - 804, 1796) capturedLink=null capturedLinkTimestamp=0 requestedVisibleTypes=-9 topActivityRequestOpenInBrowserEducationTimestamp=0 appCompatTaskInfo=AppCompatTaskInfo { topActivityInSizeCompat=false eligibleForLetterboxEducation= false isLetterboxEducationEnabled= false isLetterboxDoubleTapEnabled= false eligibleForUserAspectRatioButton= false topActivityBoundsLetterboxed= false isFromLetterboxDoubleTap= false topActivityLetterboxVerticalPosition= -1 topActivityLetterboxHorizontalPosition= -1 topActivityLetterboxWidth=-1 topActivityLetterboxHeight=-1 topActivityAppBounds=Rect(0, 0 - 1080, 2424) isUserFullscreenOverrideEnabled=false isSystemFullscreenOverrideEnabled=false hasMinAspectRatioOverride=false topActivityLetterboxBounds=null cameraCompatTaskInfo=CameraCompatTaskInfo { freeformCameraCompatMode=inactiveundefined} topNonResizableActivityAspectRatio=-1.0} topActivityMainWindowFrame=null isAppBubble=false}, pipChange = null, remoteTransition = null, displayChange = null, flags = 0, debugId = 6385 }
12-15 21:12:35.803  2185  2422 D ShellSplitScreen: logExit: no-op, mLoggerSessionId is null
12-15 21:12:35.812 25554 25554 W CAM_oif : update wear configuration.
12-15 21:12:35.813  1002  1618 D usf_sensor_hal: double twist: Enter Activate. Enable = 0.
12-15 21:12:35.814  1040  9489 I AF::TrackHandle: opChanged OP_PLAY_AUDIO callback received for 
12-15 21:12:35.814  1277  1277 D AOC     : A3:MSG: usf_sensor.cc, 1792: USF: Received stop sampling request for Double Twist (active:0).
12-15 21:12:35.815   978  1289 I Lyric   : camera_device_session_hwl_impl.cc:1127: Flush entered, camera_id: 0
12-15 21:12:35.815   978  1289 I Lyric   : camera_powerhal_impl.cc:187: SetPowerBoost Trigger CAMERA_LAUNCH for 200ms
12-15 21:12:35.815   978  1289 I Lyric   : camera_device_session_manager_base.cc:1303: Attempting to flush graph:top_graph_for_camera_RearMultiFov
12-15 21:12:35.816  1277  1277 D AOC     : A3:MSG: vsc_sensor.cc, 68: VSC: [Double Twist] disable.
12-15 21:12:35.816   978  1781 W Lyric   : auto_focus_node.cc:1309: 4 calls in 31 sec(s): cam2_af, frame_number: 237, shutter notification is not available. Update vsync with current boottime and previous offset.
12-15 21:12:35.816   978  1785 W Lyric   : ois_node.cc:360: 3 calls in 31 sec(s): cam2_ois, frame_number: 237, shutter notification is not available. Update vsync with current boottime and previous offset.
12-15 21:12:35.817   978  1782 W Lyric   : rectiface_node.cc:584: cam2_rectiface: Failed to generate sample temporal interval on frame: 237 status: UNAVAILABLE: Start of exposure time unavailable
12-15 21:12:35.817   978  1785 I Lyric   : retiming_node.cc:571: Rear(hal id: 2), Reporting image frame drop to framework for stream id: 1, request id: 237
12-15 21:12:35.818   978  1785 I Lyric   : retiming_node.cc:571: Rear(hal id: 2), Reporting image frame drop to framework for stream id: 1, request id: 238
12-15 21:12:35.818   978  1785 I Lyric   : retiming_node.cc:571: Rear(hal id: 2), Reporting image frame drop to framework for stream id: 1, request id: 239
12-15 21:12:35.818   978  1785 W Lyric   : tnr_align_node.cc:545: 4 calls in 31 sec(s): TnrAlignNode producing alignment and noise frame drops for batch with first frame number: 237 due to error: DATA_LOSS: missing request_settings; Produced 1 alignment and noise frame drops since started. The corresponding image frame(s) will still be processed without denoising in TNR merge.
12-15 21:12:35.818   978  1785 W Lyric   : tnr_merge_node.cc:567: TnrMergeNode producing frame drops from context 0xb400ddb1f9c8a408 starting at frame number: 237 due to error: FAILED_PRECONDITION: Cannot correctly sharpen TNR image without GTM when tone mapping is supposed to be available.; TNR merge failed to get tuning data in context 0xb400ddb1f9c8a408
12-15 21:12:35.818   978 31890 W Lyric   : auto_focus_node.cc:1161: cam2_af Request frame is drop, drop all algorithm output forframe 240
12-15 21:12:35.818   978  1785 E Lyric   : actuator_node.cc:122: request drop.
12-15 21:12:35.818   978  1784 W Lyric   : telemetry_node.cc:189: 1 calls in 31 sec(s): cam2_telemetry: auto_focus FN 240 Frame drop. Skip reporting.
12-15 21:12:35.819   978 31891 I Lyric   : camera_device_session_manager_base.cc:1159: Reporting metadata frame drop for camera: RearMultiFov, request id: 237, partial result count: 1
12-15 21:12:35.819   978  1776 W Lyric   : tnr_merge_node.cc:567: TnrMergeNode producing frame drops from context 0xb400ddb1f9c8a408 starting at frame number: 238 due to error: FAILED_PRECONDITION: Cannot correctly sharpen TNR image without GTM when tone mapping is supposed to be available.; TNR merge failed to get tuning data in context 0xb400ddb1f9c8a408
12-15 21:12:35.819   978  1777 W Lyric   : face_detection_node.cc:633: 4 calls in 31 sec(s): Face Detection: producing frame drops due to request frame drop
12-15 21:12:35.819   978  1784 W Lyric   : face_detection_node.cc:779: 1 calls in 23 sec(s): Face Detection: processing stage skipped due to controller IO frame drop
12-15 21:12:35.819   978  1777 W Lyric   : auto_focus_node.cc:1395: 4 calls in 31 sec(s): cam2_af, frame_number: 237, request frame is not available
12-15 21:12:35.819   978  1777 W Lyric   : rectiface_node.cc:1233: cam2_rectiface: Failed to process Ois samples on leader frame: 237, status: INTERNAL: ois sample frame is dropped
12-15 21:12:35.819   978  1777 W Lyric   : rectiface_node.cc:1325: cam2_rectiface: process leader actuator position error: UNAVAILABLE: actuator_readout_packet is dropped
12-15 21:12:35.819   978 31891 W Lyric   : mesh_warp_node.cc:734: cam2_preview_mesh_warp Request frame is drop, drop all output for frame 237
12-15 21:12:35.819   978 31890 W Lyric   : sensor_node.cc:763: cam2_sensor SensorNode producing drops due to frame request drop on frame 240
12-15 21:12:35.819   978  1775 W Lyric   : scaler_node.cc:813: 4 calls in 31 sec(s): cam2_preview_scaler Input is drop, drop all outputs for frame 237
12-15 21:12:35.819   978  1775 W Lyric   : scaler_node.cc:1079: 4 calls in 31 sec(s): FAILED_PRECONDITION: cam2_preview_scaler producing drops as all input frames are dropped
12-15 21:12:35.819   978  1776 I Lyric   : retiming_node.cc:571: Rear(hal id: 2), Reporting image frame drop to framework for stream id: 32771, request id: 237
12-15 21:12:35.819   978  1775 W Lyric   : tuning_node.cc:1013: 1 calls in 87 sec(s): TuningNode is using cached tuning point because: exposure_config_frame is dropae_frame_data is invalid ae_data_frame is drop awb_data_frame is drop
12-15 21:12:35.819   978  1785 I Lyric   : camera_device_session_manager_base.cc:1159: Reporting metadata frame drop for camera: RearMultiFov, request id: 238, partial result count: 1
12-15 21:12:35.819   978  1785 I Lyric   : camera_device_session_manager_base.cc:1159: Reporting metadata frame drop for camera: RearMultiFov, request id: 239, partial result count: 1
12-15 21:12:35.819   978 31891 W Lyric   : tnr_merge_node.cc:567: TnrMergeNode producing frame drops from context 0xb400ddb1f9c8a408 starting at frame number: 239 due to error: FAILED_PRECONDITION: Cannot correctly sharpen TNR image without GTM when tone mapping is supposed to be available.; TNR merge failed to get tuning data in context 0xb400ddb1f9c8a408
12-15 21:12:35.820   978  1777 W Lyric   : rectiface_node.cc:584: cam2_rectiface: Failed to generate sample temporal interval on frame: 238 status: UNAVAILABLE: Start of exposure time unavailable
12-15 21:12:35.820   978 31891 I Lyric   : fe_node.cc:2724: cam2_frontend received incomplete request at frame number: 240, request dropped: 1, sensor_image dropped: 1, sensor_properties dropped: 1, tuning point dropped: 0
12-15 21:12:35.820   978  1777 E Lyric   : blending_node.cc:320: cam2_blending: input yuv is dropped. FN: 237 Fwk req id: 237
12-15 21:12:35.820   978 31890 I Lyric   : retiming_node.cc:571: Rear(hal id: 2), Reporting image frame drop to framework for stream id: 1, request id: 240
12-15 21:12:35.820   978 31891 I Lyric   : fe_node.cc:1598: cam2_frontend Finished processing an incomplete_request at frame 240 when flush_mark is at frame -1 power mode is Normal
12-15 21:12:35.820   978  1776 I Lyric   : sensor_node.cc:627: cam2_sensor Missing sensor results for frame 240
12-15 21:12:35.820   978  1777 W Lyric   : zuma_blending_controller.cc:140: 5 calls in 87 sec(s): Missing input for lead camera: 2 yuv:0x0 mask: 0x0 metadata: 0x0 FN: 237
12-15 21:12:35.820   978  1776 I Lyric   : retiming_node.cc:571: Rear(hal id: 2), Reporting image frame drop to framework for stream id: 32769, request id: 237
12-15 21:12:35.820   978 31891 W Lyric   : tnr_merge_node.cc:567: TnrMergeNode producing frame drops from context 0xb400ddb1f9c8a408 starting at frame number: 240 due to error: FAILED_PRECONDITION: Cannot correctly sharpen TNR image without GTM when tone mapping is supposed to be available.; TNR merge failed to get tuning data in context 0xb400ddb1f9c8a408
12-15 21:12:35.820  1002  1673 I sensor-suez: Vendor atom [id = 100242] reported.
12-15 21:12:35.820  1002  1673 I sensor-suez: Vendor atom [id = 100243] reported.
12-15 21:12:35.820   978  1777 W Lyric   : rectiface_node.cc:1233: cam2_rectiface: Failed to process Ois samples on leader frame: 238, status: INTERNAL: ois sample frame is dropped
12-15 21:12:35.820   978  1777 W Lyric   : rectiface_node.cc:1325: cam2_rectiface: process leader actuator position error: UNAVAILABLE: actuator_readout_packet is dropped
12-15 21:12:35.820   978 31891 W Lyric   : mesh_warp_node.cc:734: cam2_preview_mesh_warp Request frame is drop, drop all output for frame 238
12-15 21:12:35.820  1460  5545 W WindowManager: lockNow pending, ignore updating lockscreen timeout
12-15 21:12:35.820   978 31890 I Lyric   : retiming_node.cc:571: Rear(hal id: 2), Reporting image frame drop to framework for stream id: 32771, request id: 238
12-15 21:12:35.820   978 31891 I Lyric   : retiming_node.cc:571: Rear(hal id: 2), Reporting image frame drop to framework for stream id: 32769, request id: 238
12-15 21:12:35.820   978  1785 W Lyric   : mesh_warp_node.cc:734: cam2_preview_mesh_warp Request frame is drop, drop all output for frame 239
12-15 21:12:35.821   978 31890 I Lyric   : retiming_node.cc:571: Rear(hal id: 2), Reporting image frame drop to framework for stream id: 32771, request id: 239
12-15 21:12:35.821   978  1785 I Lyric   : camera_device_session_manager_base.cc:1159: Reporting metadata frame drop for camera: RearMultiFov, request id: 237, partial result count: 2
12-15 21:12:35.821   978  1289 I Lyric   : fe_node.cc:1024: cam3_frontend flush at flush_mark -1 output frame stats (ignores fence-signaled drops): {process_input_count = 0, dropped_all_outputs = 0, valid_ae = 0, valid_pre_lsc_ae = 0, valid_uae = 0, valid_awb = 0, valid_histogram = 0, valid_flicker = 0, valid_motion = 0, valid_cdaf = 0, valid_pdaf = 0, valid_align = 0, valid_alias_map = 0, valid_gaussian_pyramid = 0, valid_scaled_rgb_stats = 0, valid_scaled_yuv_stats = 0, valid_lsc = 0, valid_bilateral_grid = 0, valid_scaled_rgb = 0, valid_scaled_yuv = 0, valid_cam_data_dump = 0, valid_pixel_patch = 0}
12-15 21:12:35.821   978  1289 I Lyric   : unified_zuma_front_end_controller.cc:427: [CAM3] Flushing at Standby mode
12-15 21:12:35.821   978  1289 I Lyric   : unified_zuma_front_end_controller.cc:434: [CAM3] Flush skipped at inactive power mode.
12-15 21:12:35.821   978 31891 I Lyric   : retiming_node.cc:571: Rear(hal id: 2), Reporting image frame drop to framework for stream id: 32769, request id: 239
12-15 21:12:35.821   978 31890 I Lyric   : camera_device_session_manager_base.cc:1159: Reporting metadata frame drop for camera: RearMultiFov, request id: 240, partial result count: 1
12-15 21:12:35.821   978  1776 W Lyric   : mesh_warp_node.cc:734: cam2_preview_mesh_warp Request frame is drop, drop all output for frame 240
12-15 21:12:35.821   978 31890 I Lyric   : camera_device_session_manager_base.cc:1159: Reporting metadata frame drop for camera: RearMultiFov, request id: 238, partial result count: 2
12-15 21:12:35.821   978 31891 I Lyric   : camera_device_session_manager_base.cc:1159: Reporting metadata frame drop for camera: RearMultiFov, request id: 239, partial result count: 2
12-15 21:12:35.821   978  1785 I Lyric   : retiming_node.cc:571: Rear(hal id: 2), Reporting image frame drop to framework for stream id: 32771, request id: 240
